<html>
<body>
<pre>
<h1>µVision Build Log</h1>
<h2>Tool Versions:</h2>
IDE-Version: ¦ÌVision V5.14.0.0
Copyright (C) 2015 ARM Ltd and ARM Germany GmbH. All rights reserved.
License Information: a ßã¡£, a, LIC=MGX74-FPNFB-77MRP-MQ552-XQR6T-1H031
 
Tool Versions:
Toolchain:       MDK-ARM Professional  Version: 5.14.0.0
Toolchain Path:  D:\ARM\ARMCC\Bin
C Compiler:      Armcc.exe V5.05 update 1 (build 106)
Assembler:       Armasm.exe V5.05 update 1 (build 106)
Linker/Locator:  ArmLink.exe V5.05 update 1 (build 106)
Library Manager: ArmAr.exe V5.05 update 1 (build 106)
Hex Converter:   FromElf.exe V5.05 update 1 (build 106)
CPU DLL:         SARMCM3.DLL V5.14.0.0
Dialog DLL:      DCM.DLL V1.13.1.0
Target DLL:      Segger\JL2CM3.dll V2.99.13.0
Dialog DLL:      TCM.DLL V1.14.4.0
 
<h2>Project:</h2>
d:\Stm32 Project\Tem_Pj\Template.uvprojx
Project File Date:  10/28/2024

<h2>Output:</h2>
Build target 'Target 1'
compiling rtc.c...
MYCODE\rtc.h(19): warning:  #1295-D: Deprecated declaration Sleep_mode - give arg types
  void Sleep_mode();
MYCODE\rtc.c(91): warning:  #167-D: argument of type "char *" is incompatible with parameter of type "unsigned char *"
    OLED_ShowStr(2, 0, Year, 2, 0);
MYCODE\rtc.c(93): warning:  #167-D: argument of type "char *" is incompatible with parameter of type "unsigned char *"
    OLED_ShowStr(54, 0, Month, 2, 0);
MYCODE\rtc.c(95): warning:  #167-D: argument of type "char *" is incompatible with parameter of type "unsigned char *"
    OLED_ShowStr(90, 0, Day, 2, 0);
MYCODE\rtc.c(111): warning:  #167-D: argument of type "char *" is incompatible with parameter of type "unsigned char *"
    OLED_ShowStr(16, 3, Hours, 2, 0);
MYCODE\rtc.c(112): warning:  #167-D: argument of type "char *" is incompatible with parameter of type "unsigned char *"
    OLED_ShowStr(32, 3, Colon, 2, 0);
MYCODE\rtc.c(113): warning:  #167-D: argument of type "char *" is incompatible with parameter of type "unsigned char *"
    OLED_ShowStr(56, 3, Minutes, 2, 0);
MYCODE\rtc.c(114): warning:  #167-D: argument of type "char *" is incompatible with parameter of type "unsigned char *"
    OLED_ShowStr(72, 3, Colon, 2, 0);
MYCODE\rtc.c(115): warning:  #167-D: argument of type "char *" is incompatible with parameter of type "unsigned char *"
    OLED_ShowStr(96, 3, Seconds, 2, 0);
MYCODE\rtc.c(117): warning:  #223-D: function "Dht11_Start" declared implicitly
    ret = Dht11_Start();
MYCODE\rtc.c(119): warning:  #223-D: function "Dht11_Data" declared implicitly
      ret = Dht11_Data(data);
MYCODE\rtc.c(126): warning:  #167-D: argument of type "char *" is incompatible with parameter of type "unsigned char *"
    OLED_ShowStr(88, 6, hum_Info, 2, 0);
MYCODE\rtc.c(128): warning:  #167-D: argument of type "char *" is incompatible with parameter of type "unsigned char *"
    OLED_ShowStr(0, 6, tem_Info, 2, 0);
MYCODE\rtc.c(129): warning:  #223-D: function "Get_Adc_Light_Value" declared implicitly
    int light_level = Get_Adc_Light_Value();
MYCODE\rtc.c(72): warning:  #177-D: variable "Tem_high" was declared but never referenced
    u8 Tem_high, Tem_low;
MYCODE\rtc.c(72): warning:  #177-D: variable "Tem_low" was declared but never referenced
    u8 Tem_high, Tem_low;
MYCODE\rtc.c(176): warning:  #167-D: argument of type "char *" is incompatible with parameter of type "unsigned char *"
          OLED_ShowStr(2, 3, Year, 2, 1);
MYCODE\rtc.c(178): warning:  #167-D: argument of type "char *" is incompatible with parameter of type "unsigned char *"
          OLED_ShowStr(54, 3, Month, 2, 0);
MYCODE\rtc.c(180): warning:  #167-D: argument of type "char *" is incompatible with parameter of type "unsigned char *"
          OLED_ShowStr(90, 3, Day, 2, 0);
MYCODE\rtc.c(182): warning:  #167-D: argument of type "char *" is incompatible with parameter of type "unsigned char *"
          OLED_ShowStr(16, 6, Hours, 2, 0);
MYCODE\rtc.c(183): warning:  #167-D: argument of type "char *" is incompatible with parameter of type "unsigned char *"
          OLED_ShowStr(32, 6, Colon, 2, 0);
MYCODE\rtc.c(184): warning:  #167-D: argument of type "char *" is incompatible with parameter of type "unsigned char *"
          OLED_ShowStr(56, 6, Minutes, 2, 0);
MYCODE\rtc.c(185): warning:  #167-D: argument of type "char *" is incompatible with parameter of type "unsigned char *"
          OLED_ShowStr(72, 6, Colon, 2, 0);
MYCODE\rtc.c(186): warning:  #167-D: argument of type "char *" is incompatible with parameter of type "unsigned char *"
          OLED_ShowStr(96, 6, Seconds, 2, 0);
MYCODE\rtc.c(200): warning:  #167-D: argument of type "char *" is incompatible with parameter of type "unsigned char *"
          OLED_ShowStr(2, 3, Year, 2, 0);
MYCODE\rtc.c(202): warning:  #167-D: argument of type "char *" is incompatible with parameter of type "unsigned char *"
          OLED_ShowStr(54, 3, Month, 2, 1);
MYCODE\rtc.c(204): warning:  #167-D: argument of type "char *" is incompatible with parameter of type "unsigned char *"
          OLED_ShowStr(90, 3, Day, 2, 0);
MYCODE\rtc.c(206): warning:  #167-D: argument of type "char *" is incompatible with parameter of type "unsigned char *"
          OLED_ShowStr(16, 6, Hours, 2, 0);
MYCODE\rtc.c(207): warning:  #167-D: argument of type "char *" is incompatible with parameter of type "unsigned char *"
          OLED_ShowStr(32, 6, Colon, 2, 0);
MYCODE\rtc.c(208): warning:  #167-D: argument of type "char *" is incompatible with parameter of type "unsigned char *"
          OLED_ShowStr(56, 6, Minutes, 2, 0);
MYCODE\rtc.c(209): warning:  #167-D: argument of type "char *" is incompatible with parameter of type "unsigned char *"
          OLED_ShowStr(72, 6, Colon, 2, 0);
MYCODE\rtc.c(210): warning:  #167-D: argument of type "char *" is incompatible with parameter of type "unsigned char *"
          OLED_ShowStr(96, 6, Seconds, 2, 0);
MYCODE\rtc.c(224): warning:  #167-D: argument of type "char *" is incompatible with parameter of type "unsigned char *"
          OLED_ShowStr(2, 3, Year, 2, 0);
MYCODE\rtc.c(226): warning:  #167-D: argument of type "char *" is incompatible with parameter of type "unsigned char *"
          OLED_ShowStr(54, 3, Month, 2, 0);
MYCODE\rtc.c(228): warning:  #167-D: argument of type "char *" is incompatible with parameter of type "unsigned char *"
          OLED_ShowStr(90, 3, Day, 2, 1);
MYCODE\rtc.c(230): warning:  #167-D: argument of type "char *" is incompatible with parameter of type "unsigned char *"
          OLED_ShowStr(16, 6, Hours, 2, 0);
MYCODE\rtc.c(231): warning:  #167-D: argument of type "char *" is incompatible with parameter of type "unsigned char *"
          OLED_ShowStr(32, 6, Colon, 2, 0);
MYCODE\rtc.c(232): warning:  #167-D: argument of type "char *" is incompatible with parameter of type "unsigned char *"
          OLED_ShowStr(56, 6, Minutes, 2, 0);
MYCODE\rtc.c(233): warning:  #167-D: argument of type "char *" is incompatible with parameter of type "unsigned char *"
          OLED_ShowStr(72, 6, Colon, 2, 0);
MYCODE\rtc.c(234): warning:  #167-D: argument of type "char *" is incompatible with parameter of type "unsigned char *"
          OLED_ShowStr(96, 6, Seconds, 2, 0);
MYCODE\rtc.c(248): warning:  #167-D: argument of type "char *" is incompatible with parameter of type "unsigned char *"
          OLED_ShowStr(2, 3, Year, 2, 0);
MYCODE\rtc.c(250): warning:  #167-D: argument of type "char *" is incompatible with parameter of type "unsigned char *"
          OLED_ShowStr(54, 3, Month, 2, 0);
MYCODE\rtc.c(252): warning:  #167-D: argument of type "char *" is incompatible with parameter of type "unsigned char *"
          OLED_ShowStr(90, 3, Day, 2, 0);
MYCODE\rtc.c(254): warning:  #167-D: argument of type "char *" is incompatible with parameter of type "unsigned char *"
          OLED_ShowStr(16, 6, Hours, 2, 1);
MYCODE\rtc.c(255): warning:  #167-D: argument of type "char *" is incompatible with parameter of type "unsigned char *"
          OLED_ShowStr(32, 6, Colon, 2, 0);
MYCODE\rtc.c(256): warning:  #167-D: argument of type "char *" is incompatible with parameter of type "unsigned char *"
          OLED_ShowStr(56, 6, Minutes, 2, 0);
MYCODE\rtc.c(257): warning:  #167-D: argument of type "char *" is incompatible with parameter of type "unsigned char *"
          OLED_ShowStr(72, 6, Colon, 2, 0);
MYCODE\rtc.c(258): warning:  #167-D: argument of type "char *" is incompatible with parameter of type "unsigned char *"
          OLED_ShowStr(96, 6, Seconds, 2, 0);
MYCODE\rtc.c(272): warning:  #167-D: argument of type "char *" is incompatible with parameter of type "unsigned char *"
          OLED_ShowStr(2, 3, Year, 2, 0);
MYCODE\rtc.c(274): warning:  #167-D: argument of type "char *" is incompatible with parameter of type "unsigned char *"
          OLED_ShowStr(54, 3, Month, 2, 0);
MYCODE\rtc.c(276): warning:  #167-D: argument of type "char *" is incompatible with parameter of type "unsigned char *"
          OLED_ShowStr(90, 3, Day, 2, 0);
MYCODE\rtc.c(278): warning:  #167-D: argument of type "char *" is incompatible with parameter of type "unsigned char *"
          OLED_ShowStr(16, 6, Hours, 2, 0);
MYCODE\rtc.c(279): warning:  #167-D: argument of type "char *" is incompatible with parameter of type "unsigned char *"
          OLED_ShowStr(32, 6, Colon, 2, 0);
MYCODE\rtc.c(280): warning:  #167-D: argument of type "char *" is incompatible with parameter of type "unsigned char *"
          OLED_ShowStr(56, 6, Minutes, 2, 1);
MYCODE\rtc.c(281): warning:  #167-D: argument of type "char *" is incompatible with parameter of type "unsigned char *"
          OLED_ShowStr(72, 6, Colon, 2, 0);
MYCODE\rtc.c(282): warning:  #167-D: argument of type "char *" is incompatible with parameter of type "unsigned char *"
          OLED_ShowStr(96, 6, Seconds, 2, 0);
MYCODE\rtc.c(296): warning:  #167-D: argument of type "char *" is incompatible with parameter of type "unsigned char *"
          OLED_ShowStr(2, 3, Year, 2, 0);
MYCODE\rtc.c(298): warning:  #167-D: argument of type "char *" is incompatible with parameter of type "unsigned char *"
          OLED_ShowStr(54, 3, Month, 2, 0);
MYCODE\rtc.c(300): warning:  #167-D: argument of type "char *" is incompatible with parameter of type "unsigned char *"
          OLED_ShowStr(90, 3, Day, 2, 0);
MYCODE\rtc.c(302): warning:  #167-D: argument of type "char *" is incompatible with parameter of type "unsigned char *"
          OLED_ShowStr(16, 6, Hours, 2, 0);
MYCODE\rtc.c(303): warning:  #167-D: argument of type "char *" is incompatible with parameter of type "unsigned char *"
          OLED_ShowStr(32, 6, Colon, 2, 0);
MYCODE\rtc.c(304): warning:  #167-D: argument of type "char *" is incompatible with parameter of type "unsigned char *"
          OLED_ShowStr(56, 6, Minutes, 2, 0);
MYCODE\rtc.c(305): warning:  #167-D: argument of type "char *" is incompatible with parameter of type "unsigned char *"
          OLED_ShowStr(72, 6, Colon, 2, 0);
MYCODE\rtc.c(306): warning:  #167-D: argument of type "char *" is incompatible with parameter of type "unsigned char *"
          OLED_ShowStr(96, 6, Seconds, 2, 1);
MYCODE\rtc.c(517): warning:  #1-D: last line of file ends without a newline
  }
MYCODE\rtc.c: 65 warnings, 0 errors
linking...
Program Size: Code=16648 RO-data=2672 RW-data=1928 ZI-data=1656  
FromELF: creating hex file...
".\Objects\Template.axf" - 0 Error(s), 65 Warning(s).

<h2>Software Packages used:</h2>

Package Vendor: ARM
                http://www.keil.com/pack/ARM.CMSIS.4.2.0.pack
                ARM::CMSIS:CORE:3.40.0
                CMSIS (Cortex Microcontroller Software Interface Standard)
   * Component: CORE Version: 3.40.0

Package Vendor: Keil
                http://www.keil.com/pack/Keil.STM32F4xx_DFP.1.0.8.pack
                Keil::Device:StdPeriph Drivers:Flash:1.3.0
                STMicroelectronics STM32F4 Series Device Support, Drivers and Examples
   * Component: Flash Version: 1.3.0
   * Component: EXTI Version: 1.3.0
   * Component: Startup Version: 1.3.1
   * Component: Framework Version: 1.3.1
   * Component: ADC Version: 1.3.0
   * Component: RCC Version: 1.3.0
   * Component: GPIO Version: 1.3.0
   * Component: RTC Version: 1.3.0
   * Component: SYSCFG Version: 1.3.0
   * Component: PWR Version: 1.3.0
   * Component: USART Version: 1.3.0
   * Component: TIM Version: 1.3.0
   * Component: IWDG Version: 1.3.0

<h2>Collection of Component include folders:</h2>
  d:\Stm32 Project\Tem_Pj\RTE
  d:\Stm32 Project\Tem_Pj\RTE\Device\STM32F407ZE
  D:\ARM\PACK\ARM\CMSIS\4.2.0\CMSIS\Include
  D:\ARM\PACK\Keil\STM32F4xx_DFP\1.0.8\Device\Include
  D:\ARM\PACK\Keil\STM32F4xx_DFP\1.0.8\Device\StdPeriph_Driver\inc

<h2>Collection of Component Files used:</h2>

   * Component: ARM::CMSIS:CORE:3.40.0
      Source file:   CMSIS\UserCodeTemplates\ARM\ITM_Retarget.c

   * Component: Keil::Device:StdPeriph Drivers:Flash:1.3.0
      Source file:   Device\StdPeriph_Driver\src\stm32f4xx_flash.c
      Include file:  Device\StdPeriph_Driver\inc\stm32f4xx_flash.h

   * Component: Keil::Device:StdPeriph Drivers:EXTI:1.3.0
      Include file:  Device\StdPeriph_Driver\inc\stm32f4xx_exti.h
      Source file:   Device\StdPeriph_Driver\src\stm32f4xx_exti.c

   * Component: Keil::Device:Startup:1.3.1
      Source file:   Device\Source\ARM\STM32F4xx_OTP.s
      Source file:   Device\Source\ARM\startup_stm32f40_41xxx.s
      Source file:   Device\Source\ARM\STM32F40xxx_41xxx_OPT.s
      Include file:  Device\Include\stm32f4xx.h
      Include file:  RTE_Driver\Config\RTE_Device.h
      Source file:   Device\Source\system_stm32f4xx.c

   * Component: Keil::Device:StdPeriph Drivers:Framework:1.3.1
      Source file:   Device\StdPeriph_Driver\src\misc.c
      Source file:   Device\StdPeriph_Driver\templates\stm32f4xx_conf.h
      Include file:  Device\StdPeriph_Driver\templates\stm32f4xx_it.h
      Source file:   Device\StdPeriph_Driver\templates\stm32f4xx_it.c

   * Component: Keil::Device:StdPeriph Drivers:ADC:1.3.0
      Include file:  Device\StdPeriph_Driver\inc\stm32f4xx_adc.h
      Source file:   Device\StdPeriph_Driver\src\stm32f4xx_adc.c

   * Component: Keil::Device:StdPeriph Drivers:RCC:1.3.0
      Source file:   Device\StdPeriph_Driver\src\stm32f4xx_rcc.c
      Include file:  Device\StdPeriph_Driver\inc\stm32f4xx_rcc.h

   * Component: Keil::Device:StdPeriph Drivers:GPIO:1.3.0
      Include file:  Device\StdPeriph_Driver\inc\stm32f4xx_gpio.h
      Source file:   Device\StdPeriph_Driver\src\stm32f4xx_gpio.c

   * Component: Keil::Device:StdPeriph Drivers:RTC:1.3.0
      Source file:   Device\StdPeriph_Driver\src\stm32f4xx_rtc.c
      Include file:  Device\StdPeriph_Driver\inc\stm32f4xx_rtc.h

   * Component: Keil::Device:StdPeriph Drivers:SYSCFG:1.3.0
      Source file:   Device\StdPeriph_Driver\src\stm32f4xx_syscfg.c
      Include file:  Device\StdPeriph_Driver\inc\stm32f4xx_syscfg.h

   * Component: Keil::Device:StdPeriph Drivers:PWR:1.3.0
      Include file:  Device\StdPeriph_Driver\inc\stm32f4xx_pwr.h
      Source file:   Device\StdPeriph_Driver\src\stm32f4xx_pwr.c

   * Component: Keil::Device:StdPeriph Drivers:USART:1.3.0
      Include file:  Device\StdPeriph_Driver\inc\stm32f4xx_usart.h
      Source file:   Device\StdPeriph_Driver\src\stm32f4xx_usart.c

   * Component: Keil::Device:StdPeriph Drivers:TIM:1.3.0
      Include file:  Device\StdPeriph_Driver\inc\stm32f4xx_tim.h
      Source file:   Device\StdPeriph_Driver\src\stm32f4xx_tim.c

   * Component: Keil::Device:StdPeriph Drivers:IWDG:1.3.0
      Source file:   Device\StdPeriph_Driver\src\stm32f4xx_iwdg.c
      Include file:  Device\StdPeriph_Driver\inc\stm32f4xx_iwdg.h
</pre>
</body>
</html>
