Component: ARM Compiler 5.05 update 1 (build 106) Tool: armlink [4d0efa]

==============================================================================

Section Cross References

    main.o(i.Show_History) refers to oled_i2c.o(i.OLED_CLS) for OLED_CLS
    main.o(i.Show_History) refers to oled_i2c.o(i.OLED_ShowCN) for OLED_ShowCN
    main.o(i.Show_History) refers to f2d.o(.text) for __aeabi_f2d
    main.o(i.Show_History) refers to printfa.o(i.__0sprintf) for __2sprintf
    main.o(i.Show_History) refers to oled_i2c.o(i.OLED_ShowStr) for OLED_ShowStr
    main.o(i.Show_History) refers to printfa.o(i.__0printf) for __2printf
    main.o(i.Show_History) refers to delay.o(i.delay_s) for delay_s
    main.o(i.Show_History) refers to main.o(.data) for History_Page
    main.o(i.Show_History) refers to main.o(.bss) for Tem_History
    main.o(i.Show_History) refers to exti.o(.data) for menu_flag
    main.o(i.main) refers to dht11.o(i.Dht11_Start) for Dht11_Start
    main.o(i.main) refers to misc.o(i.NVIC_PriorityGroupConfig) for NVIC_PriorityGroupConfig
    main.o(i.main) refers to beep.o(i.Beep_Init) for Beep_Init
    main.o(i.main) refers to delay.o(i.Delay_Init) for Delay_Init
    main.o(i.main) refers to led.o(i.Led_Init) for Led_Init
    main.o(i.main) refers to rtc.o(i.Rtc_Init) for Rtc_Init
    main.o(i.main) refers to key.o(i.Key_Init) for Key_Init
    main.o(i.main) refers to exti.o(i.Exti_PA0_Init) for Exti_PA0_Init
    main.o(i.main) refers to exti.o(i.Exti_PE234_Init) for Exti_PE234_Init
    main.o(i.main) refers to usart.o(i.Usart1_Init) for Usart1_Init
    main.o(i.main) refers to lu90614.o(i.LV90614_Init) for LV90614_Init
    main.o(i.main) refers to dht11.o(i.Dht11_Init) for Dht11_Init
    main.o(i.main) refers to adc_light.o(i.Adc3_Light_Init) for Adc3_Light_Init
    main.o(i.main) refers to sr04.o(i.Sr04_Init) for Sr04_Init
    main.o(i.main) refers to oled_i2c.o(i.I2C_Configuration) for I2C_Configuration
    main.o(i.main) refers to oled_i2c.o(i.OLED_Init) for OLED_Init
    main.o(i.main) refers to oled_i2c.o(i.OLED_Fill) for OLED_Fill
    main.o(i.main) refers to delay.o(i.delay_s) for delay_s
    main.o(i.main) refers to lu90614.o(i.USART3_SendData) for USART3_SendData
    main.o(i.main) refers to delay.o(i.delay_us) for delay_us
    main.o(i.main) refers to rtc.o(i.Get_RTC_Time) for Get_RTC_Time
    main.o(i.main) refers to rtc.o(i.Rtc_Setting_Show) for Rtc_Setting_Show
    main.o(i.main) refers to main.o(i.Show_History) for Show_History
    main.o(i.main) refers to main.o(i.menu1) for menu1
    main.o(i.main) refers to sr04.o(i.Get_Sr04_Value) for Get_Sr04_Value
    main.o(i.main) refers to printfa.o(i.__0printf) for __2printf
    main.o(i.main) refers to delay.o(i.delay_ms) for delay_ms
    main.o(i.main) refers to oled_i2c.o(i.OLED_CLS) for OLED_CLS
    main.o(i.main) refers to rtc.o(.data) for time_setting_flag
    main.o(i.main) refers to main.o(.bss) for Tem_History
    main.o(i.main) refers to main.o(.data) for History_Flag
    main.o(i.main) refers to exti.o(.data) for menu_flag
    main.o(i.menu1) refers to sr04.o(i.Get_Sr04_Value) for Get_Sr04_Value
    main.o(i.menu1) refers to printfa.o(i.__0printf) for __2printf
    main.o(i.menu1) refers to oled_i2c.o(i.OLED_ShowCN) for OLED_ShowCN
    main.o(i.menu1) refers to printfa.o(i.__0sprintf) for __2sprintf
    main.o(i.menu1) refers to delay.o(i.delay_ms) for delay_ms
    main.o(i.menu1) refers to lu90614.o(i.USART3_SendData) for USART3_SendData
    main.o(i.menu1) refers to oled_i2c.o(i.OLED_ShowStr) for OLED_ShowStr
    main.o(i.menu1) refers to stm32f4xx_gpio.o(i.GPIO_SetBits) for GPIO_SetBits
    main.o(i.menu1) refers to oled_i2c.o(i.OLED_CLS) for OLED_CLS
    main.o(i.menu1) refers to main.o(.data) for tem_flag
    main.o(i.menu1) refers to lu90614.o(.bss) for USART_RX_BUF
    main.o(i.menu1) refers to lu90614.o(.data) for USART_RX_STA
    main.o(i.menu1) refers to main.o(.bss) for Tem_History
    main.o(i.menu1) refers to exti.o(.data) for menu_flag
    led.o(i.Led_Init) refers to stm32f4xx_rcc.o(i.RCC_AHB1PeriphClockCmd) for RCC_AHB1PeriphClockCmd
    led.o(i.Led_Init) refers to stm32f4xx_gpio.o(i.GPIO_Init) for GPIO_Init
    led.o(i.Led_Init) refers to stm32f4xx_gpio.o(i.GPIO_SetBits) for GPIO_SetBits
    beep.o(i.Beep_Init) refers to stm32f4xx_rcc.o(i.RCC_AHB1PeriphClockCmd) for RCC_AHB1PeriphClockCmd
    beep.o(i.Beep_Init) refers to stm32f4xx_gpio.o(i.GPIO_Init) for GPIO_Init
    beep.o(i.Beep_Init) refers to stm32f4xx_gpio.o(i.GPIO_ResetBits) for GPIO_ResetBits
    key.o(i.Key_Init) refers to stm32f4xx_rcc.o(i.RCC_AHB1PeriphClockCmd) for RCC_AHB1PeriphClockCmd
    key.o(i.Key_Init) refers to stm32f4xx_gpio.o(i.GPIO_Init) for GPIO_Init
    exti.o(i.EXTI0_IRQHandler) refers to stm32f4xx_exti.o(i.EXTI_GetITStatus) for EXTI_GetITStatus
    exti.o(i.EXTI0_IRQHandler) refers to delay.o(i.delay_ms) for delay_ms
    exti.o(i.EXTI0_IRQHandler) refers to oled_i2c.o(i.OLED_CLS) for OLED_CLS
[...]
    Removing stm32f4xx_tim.o(i.TIM_RemapConfig), (6 bytes).
    Removing stm32f4xx_tim.o(i.TIM_SelectCCDMA), (24 bytes).
    Removing stm32f4xx_tim.o(i.TIM_SelectCOM), (24 bytes).
    Removing stm32f4xx_tim.o(i.TIM_SelectHallSensor), (24 bytes).
    Removing stm32f4xx_tim.o(i.TIM_SelectInputTrigger), (18 bytes).
    Removing stm32f4xx_tim.o(i.TIM_SelectMasterSlaveMode), (18 bytes).
    Removing stm32f4xx_tim.o(i.TIM_SelectOCxM), (86 bytes).
    Removing stm32f4xx_tim.o(i.TIM_SelectOnePulseMode), (18 bytes).
    Removing stm32f4xx_tim.o(i.TIM_SelectOutputTrigger), (18 bytes).
    Removing stm32f4xx_tim.o(i.TIM_SelectSlaveMode), (18 bytes).
    Removing stm32f4xx_tim.o(i.TIM_SetAutoreload), (4 bytes).
    Removing stm32f4xx_tim.o(i.TIM_SetClockDivision), (18 bytes).
    Removing stm32f4xx_tim.o(i.TIM_SetCompare1), (4 bytes).
    Removing stm32f4xx_tim.o(i.TIM_SetCompare2), (4 bytes).
    Removing stm32f4xx_tim.o(i.TIM_SetCompare3), (4 bytes).
    Removing stm32f4xx_tim.o(i.TIM_SetCompare4), (4 bytes).
    Removing stm32f4xx_tim.o(i.TIM_SetCounter), (4 bytes).
    Removing stm32f4xx_tim.o(i.TIM_SetIC1Prescaler), (18 bytes).
    Removing stm32f4xx_tim.o(i.TIM_SetIC2Prescaler), (26 bytes).
    Removing stm32f4xx_tim.o(i.TIM_SetIC3Prescaler), (18 bytes).
    Removing stm32f4xx_tim.o(i.TIM_SetIC4Prescaler), (26 bytes).
    Removing stm32f4xx_tim.o(i.TIM_TIxExternalClockConfig), (62 bytes).
    Removing stm32f4xx_tim.o(i.TIM_TimeBaseStructInit), (18 bytes).
    Removing stm32f4xx_tim.o(i.TIM_UpdateDisableConfig), (24 bytes).
    Removing stm32f4xx_tim.o(i.TIM_UpdateRequestConfig), (24 bytes).
    Removing stm32f4xx_usart.o(.rev16_text), (4 bytes).
    Removing stm32f4xx_usart.o(.revsh_text), (4 bytes).
    Removing stm32f4xx_usart.o(.rrx_text), (6 bytes).
    Removing stm32f4xx_usart.o(i.USART_ClearFlag), (18 bytes).
    Removing stm32f4xx_usart.o(i.USART_ClearITPendingBit), (30 bytes).
    Removing stm32f4xx_usart.o(i.USART_ClockInit), (32 bytes).
    Removing stm32f4xx_usart.o(i.USART_ClockStructInit), (12 bytes).
    Removing stm32f4xx_usart.o(i.USART_DMACmd), (18 bytes).
    Removing stm32f4xx_usart.o(i.USART_DeInit), (240 bytes).
    Removing stm32f4xx_usart.o(i.USART_HalfDuplexCmd), (24 bytes).
    Removing stm32f4xx_usart.o(i.USART_IrDACmd), (24 bytes).
    Removing stm32f4xx_usart.o(i.USART_IrDAConfig), (18 bytes).
    Removing stm32f4xx_usart.o(i.USART_LINBreakDetectLengthConfig), (18 bytes).
    Removing stm32f4xx_usart.o(i.USART_LINCmd), (24 bytes).
    Removing stm32f4xx_usart.o(i.USART_OneBitMethodCmd), (24 bytes).
    Removing stm32f4xx_usart.o(i.USART_OverSampling8Cmd), (22 bytes).
    Removing stm32f4xx_usart.o(i.USART_ReceiverWakeUpCmd), (24 bytes).
    Removing stm32f4xx_usart.o(i.USART_SendBreak), (10 bytes).
    Removing stm32f4xx_usart.o(i.USART_SetAddress), (18 bytes).
    Removing stm32f4xx_usart.o(i.USART_SetGuardTime), (16 bytes).
    Removing stm32f4xx_usart.o(i.USART_SetPrescaler), (16 bytes).
    Removing stm32f4xx_usart.o(i.USART_SmartCardCmd), (24 bytes).
    Removing stm32f4xx_usart.o(i.USART_SmartCardNACKCmd), (24 bytes).
    Removing stm32f4xx_usart.o(i.USART_StructInit), (24 bytes).
    Removing stm32f4xx_usart.o(i.USART_WakeUpConfig), (18 bytes).
    Removing startup_stm32f40_41xxx.o(HEAP), (512 bytes).
    Removing system_stm32f4xx.o(.rev16_text), (4 bytes).
    Removing system_stm32f4xx.o(.revsh_text), (4 bytes).
    Removing system_stm32f4xx.o(.rrx_text), (6 bytes).
    Removing system_stm32f4xx.o(i.SystemCoreClockUpdate), (192 bytes).
    Removing system_stm32f4xx.o(.data), (20 bytes).

597 unused section(s) (total 105784 bytes) removed from the image.

==============================================================================

Image Symbol Table

    Local Symbols

    Symbol Name                              Value     Ov Type        Size  Object(Section)

    ../clib/../cmprslib/zerorunl2.c          0x00000000   Number         0  __dczerorl2.o ABSOLUTE
    ../clib/microlib/division.c              0x00000000   Number         0  uldiv.o ABSOLUTE
    ../clib/microlib/division.c              0x00000000   Number         0  uidiv.o ABSOLUTE
    ../clib/microlib/init/entry.s            0x00000000   Number         0  entry11b.o ABSOLUTE
    ../clib/microlib/init/entry.s            0x00000000   Number         0  entry11a.o ABSOLUTE
    ../clib/microlib/init/entry.s            0x00000000   Number         0  entry10b.o ABSOLUTE
    ../clib/microlib/init/entry.s            0x00000000   Number         0  entry10a.o ABSOLUTE
    ../clib/microlib/init/entry.s            0x00000000   Number         0  entry7b.o ABSOLUTE
    ../clib/microlib/init/entry.s            0x00000000   Number         0  entry.o ABSOLUTE
    ../clib/microlib/init/entry.s            0x00000000   Number         0  entry8b.o ABSOLUTE
    ../clib/microlib/init/entry.s            0x00000000   Number         0  entry2.o ABSOLUTE
    ../clib/microlib/init/entry.s            0x00000000   Number         0  entry9a.o ABSOLUTE
    ../clib/microlib/init/entry.s            0x00000000   Number         0  entry8a.o ABSOLUTE
    ../clib/microlib/init/entry.s            0x00000000   Number         0  entry9b.o ABSOLUTE
    ../clib/microlib/init/entry.s            0x00000000   Number         0  entry7a.o ABSOLUTE
    ../clib/microlib/init/entry.s            0x00000000   Number         0  entry5.o ABSOLUTE
    ../clib/microlib/longlong.c              0x00000000   Number         0  llshl.o ABSOLUTE
    ../clib/microlib/longlong.c              0x00000000   Number         0  llushr.o ABSOLUTE
    ../clib/microlib/longlong.c              0x00000000   Number         0  llsshr.o ABSOLUTE
    ../clib/microlib/printf/printf.c         0x00000000   Number         0  printf2.o ABSOLUTE
    ../clib/microlib/printf/printf.c         0x00000000   Number         0  printf3.o ABSOLUTE
    ../clib/microlib/printf/printf.c         0x00000000   Number         0  printf5.o ABSOLUTE
    ../clib/microlib/printf/printf.c         0x00000000   Number         0  printf6.o ABSOLUTE
    ../clib/microlib/printf/printf.c         0x00000000   Number         0  printf7.o ABSOLUTE
    ../clib/microlib/printf/printf.c         0x00000000   Number         0  printf8.o ABSOLUTE
    ../clib/microlib/printf/printf.c         0x00000000   Number         0  printfa.o ABSOLUTE
    ../clib/microlib/printf/printf.c         0x00000000   Number         0  printf1.o ABSOLUTE
    ../clib/microlib/printf/printf.c         0x00000000   Number         0  printf0.o ABSOLUTE
    ../clib/microlib/printf/printf.c         0x00000000   Number         0  printfb.o ABSOLUTE
    ../clib/microlib/printf/printf.c         0x00000000   Number         0  printf4.o ABSOLUTE
    ../clib/microlib/printf/stubs.s          0x00000000   Number         0  stubs.o ABSOLUTE
    ../clib/microlib/string/memcpy.c         0x00000000   Number         0  memcpyb.o ABSOLUTE
    ../clib/microlib/string/memcpy.c         0x00000000   Number         0  memcpya.o ABSOLUTE
    ../clib/microlib/string/memset.c         0x00000000   Number         0  memseta.o ABSOLUTE
    ../clib/microlib/stubs.s                 0x00000000   Number         0  useno.o ABSOLUTE
    ../clib/microlib/stubs.s                 0x00000000   Number         0  iusefp.o ABSOLUTE
    ../fplib/microlib/f2d.c                  0x00000000   Number         0  f2d.o ABSOLUTE
    ../fplib/microlib/fpadd.c                0x00000000   Number         0  dadd.o ABSOLUTE
    ../fplib/microlib/fpdiv.c                0x00000000   Number         0  ddiv.o ABSOLUTE
    ../fplib/microlib/fpepilogue.c           0x00000000   Number         0  depilogue.o ABSOLUTE
    ../fplib/microlib/fpfix.c                0x00000000   Number         0  dfixul.o ABSOLUTE
    ../fplib/microlib/fpmul.c                0x00000000   Number         0  dmul.o ABSOLUTE
    D:\ARM\PACK\Keil\STM32F4xx_DFP\1.0.8\Device\StdPeriph_Driver\src\misc.c 0x00000000   Number         0  misc.o ABSOLUTE
    D:\ARM\PACK\Keil\STM32F4xx_DFP\1.0.8\Device\StdPeriph_Driver\src\stm32f4xx_adc.c 0x00000000   Number         0  stm32f4xx_adc.o ABSOLUTE
    D:\ARM\PACK\Keil\STM32F4xx_DFP\1.0.8\Device\StdPeriph_Driver\src\stm32f4xx_exti.c 0x00000000   Number         0  stm32f4xx_exti.o ABSOLUTE
    D:\ARM\PACK\Keil\STM32F4xx_DFP\1.0.8\Device\StdPeriph_Driver\src\stm32f4xx_flash.c 0x00000000   Number         0  stm32f4xx_flash.o ABSOLUTE
    D:\ARM\PACK\Keil\STM32F4xx_DFP\1.0.8\Device\StdPeriph_Driver\src\stm32f4xx_gpio.c 0x00000000   Number         0  stm32f4xx_gpio.o ABSOLUTE
    D:\ARM\PACK\Keil\STM32F4xx_DFP\1.0.8\Device\StdPeriph_Driver\src\stm32f4xx_iwdg.c 0x00000000   Number         0  stm32f4xx_iwdg.o ABSOLUTE
    D:\ARM\PACK\Keil\STM32F4xx_DFP\1.0.8\Device\StdPeriph_Driver\src\stm32f4xx_pwr.c 0x00000000   Number         0  stm32f4xx_pwr.o ABSOLUTE
    D:\ARM\PACK\Keil\STM32F4xx_DFP\1.0.8\Device\StdPeriph_Driver\src\stm32f4xx_rcc.c 0x00000000   Number         0  stm32f4xx_rcc.o ABSOLUTE
    D:\ARM\PACK\Keil\STM32F4xx_DFP\1.0.8\Device\StdPeriph_Driver\src\stm32f4xx_rtc.c 0x00000000   Number         0  stm32f4xx_rtc.o ABSOLUTE
    D:\ARM\PACK\Keil\STM32F4xx_DFP\1.0.8\Device\StdPeriph_Driver\src\stm32f4xx_syscfg.c 0x00000000   Number         0  stm32f4xx_syscfg.o ABSOLUTE
    D:\ARM\PACK\Keil\STM32F4xx_DFP\1.0.8\Device\StdPeriph_Driver\src\stm32f4xx_tim.c 0x00000000   Number         0  stm32f4xx_tim.o ABSOLUTE
    D:\ARM\PACK\Keil\STM32F4xx_DFP\1.0.8\Device\StdPeriph_Driver\src\stm32f4xx_usart.c 0x00000000   Number         0  stm32f4xx_usart.o ABSOLUTE
    D:\\ARM\\PACK\\Keil\\STM32F4xx_DFP\\1.0.8\\Device\\StdPeriph_Driver\\src\\misc.c 0x00000000   Number         0  misc.o ABSOLUTE
    D:\\ARM\\PACK\\Keil\\STM32F4xx_DFP\\1.0.8\\Device\\StdPeriph_Driver\\src\\stm32f4xx_adc.c 0x00000000   Number         0  stm32f4xx_adc.o ABSOLUTE
    D:\\ARM\\PACK\\Keil\\STM32F4xx_DFP\\1.0.8\\Device\\StdPeriph_Driver\\src\\stm32f4xx_exti.c 0x00000000   Number         0  stm32f4xx_exti.o ABSOLUTE
    D:\\ARM\\PACK\\Keil\\STM32F4xx_DFP\\1.0.8\\Device\\StdPeriph_Driver\\src\\stm32f4xx_flash.c 0x00000000   Number         0  stm32f4xx_flash.o ABSOLUTE
    D:\\ARM\\PACK\\Keil\\STM32F4xx_DFP\\1.0.8\\Device\\StdPeriph_Driver\\src\\stm32f4xx_gpio.c 0x00000000   Number         0  stm32f4xx_gpio.o ABSOLUTE
    D:\\ARM\\PACK\\Keil\\STM32F4xx_DFP\\1.0.8\\Device\\StdPeriph_Driver\\src\\stm32f4xx_iwdg.c 0x00000000   Number         0  stm32f4xx_iwdg.o ABSOLUTE
    D:\\ARM\\PACK\\Keil\\STM32F4xx_DFP\\1.0.8\\Device\\StdPeriph_Driver\\src\\stm32f4xx_pwr.c 0x00000000   Number         0  stm32f4xx_pwr.o ABSOLUTE
    D:\\ARM\\PACK\\Keil\\STM32F4xx_DFP\\1.0.8\\Device\\StdPeriph_Driver\\src\\stm32f4xx_rcc.c 0x00000000   Number         0  stm32f4xx_rcc.o ABSOLUTE
    D:\\ARM\\PACK\\Keil\\STM32F4xx_DFP\\1.0.8\\Device\\StdPeriph_Driver\\src\\stm32f4xx_rtc.c 0x00000000   Number         0  stm32f4xx_rtc.o ABSOLUTE
    D:\\ARM\\PACK\\Keil\\STM32F4xx_DFP\\1.0.8\\Device\\StdPeriph_Driver\\src\\stm32f4xx_syscfg.c 0x00000000   Number         0  stm32f4xx_syscfg.o ABSOLUTE
    D:\\ARM\\PACK\\Keil\\STM32F4xx_DFP\\1.0.8\\Device\\StdPeriph_Driver\\src\\stm32f4xx_tim.c 0x00000000   Number         0  stm32f4xx_tim.o ABSOLUTE
    D:\\ARM\\PACK\\Keil\\STM32F4xx_DFP\\1.0.8\\Device\\StdPeriph_Driver\\src\\stm32f4xx_usart.c 0x00000000   Number         0  stm32f4xx_usart.o ABSOLUTE
    FreeRTOS\\portable\\RVDS\\ARM_CM4F\\port.c 0x00000000   Number         0  port.o ABSOLUTE
    FreeRTOS\croutine.c                      0x00000000   Number         0  croutine.o ABSOLUTE
    FreeRTOS\event_groups.c                  0x00000000   Number         0  event_groups.o ABSOLUTE
    FreeRTOS\list.c                          0x00000000   Number         0  list.o ABSOLUTE
    FreeRTOS\portable\MemMang\heap_4.c       0x00000000   Number         0  heap_4.o ABSOLUTE
    FreeRTOS\portable\RVDS\ARM_CM4F\port.c   0x00000000   Number         0  port.o ABSOLUTE
    FreeRTOS\queue.c                         0x00000000   Number         0  queue.o ABSOLUTE
    FreeRTOS\tasks.c                         0x00000000   Number         0  tasks.o ABSOLUTE
    FreeRTOS\timers.c                        0x00000000   Number         0  timers.o ABSOLUTE
    MYCODE\OLED_I2C.c                        0x00000000   Number         0  oled_i2c.o ABSOLUTE
    MYCODE\\OLED_I2C.c                       0x00000000   Number         0  oled_i2c.o ABSOLUTE
    MYCODE\\adc_light.c                      0x00000000   Number         0  adc_light.o ABSOLUTE
    MYCODE\\adc_poten.c                      0x00000000   Number         0  adc_poten.o ABSOLUTE
    MYCODE\\beep.c                           0x00000000   Number         0  beep.o ABSOLUTE
    MYCODE\\bluetooth.c                      0x00000000   Number         0  bluetooth.o ABSOLUTE
    MYCODE\\delay.c                          0x00000000   Number         0  delay.o ABSOLUTE
    MYCODE\\dht11.c                          0x00000000   Number         0  dht11.o ABSOLUTE
    MYCODE\\exti.c                           0x00000000   Number         0  exti.o ABSOLUTE
    MYCODE\\flash.c                          0x00000000   Number         0  flash.o ABSOLUTE
    MYCODE\\iic.c                            0x00000000   Number         0  iic.o ABSOLUTE
    MYCODE\\iwdg.c                           0x00000000   Number         0  iwdg.o ABSOLUTE
    MYCODE\\key.c                            0x00000000   Number         0  key.o ABSOLUTE
    MYCODE\\led.c                            0x00000000   Number         0  led.o ABSOLUTE
    MYCODE\\lu90614.c                        0x00000000   Number         0  lu90614.o ABSOLUTE
    MYCODE\\main.c                           0x00000000   Number         0  main.o ABSOLUTE
    MYCODE\\pwm_led.c                        0x00000000   Number         0  pwm_led.o ABSOLUTE
    MYCODE\\pwm_motor.c                      0x00000000   Number         0  pwm_motor.o ABSOLUTE
    MYCODE\\pwm_steering.c                   0x00000000   Number         0  pwm_steering.o ABSOLUTE
    MYCODE\\rtc.c                            0x00000000   Number         0  rtc.o ABSOLUTE
    MYCODE\\sr04.c                           0x00000000   Number         0  sr04.o ABSOLUTE
    MYCODE\\tim2.c                           0x00000000   Number         0  tim2.o ABSOLUTE
    MYCODE\\tim6.c                           0x00000000   Number         0  tim6.o ABSOLUTE
    MYCODE\\usart.c                          0x00000000   Number         0  usart.o ABSOLUTE
    MYCODE\adc_light.c                       0x00000000   Number         0  adc_light.o ABSOLUTE
    MYCODE\adc_poten.c                       0x00000000   Number         0  adc_poten.o ABSOLUTE
    MYCODE\beep.c                            0x00000000   Number         0  beep.o ABSOLUTE
    MYCODE\bluetooth.c                       0x00000000   Number         0  bluetooth.o ABSOLUTE
    MYCODE\delay.c                           0x00000000   Number         0  delay.o ABSOLUTE
    MYCODE\dht11.c                           0x00000000   Number         0  dht11.o ABSOLUTE
    MYCODE\exti.c                            0x00000000   Number         0  exti.o ABSOLUTE
    MYCODE\flash.c                           0x00000000   Number         0  flash.o ABSOLUTE
    MYCODE\iic.c                             0x00000000   Number         0  iic.o ABSOLUTE
    MYCODE\iwdg.c                            0x00000000   Number         0  iwdg.o ABSOLUTE
    MYCODE\key.c                             0x00000000   Number         0  key.o ABSOLUTE
    MYCODE\led.c                             0x00000000   Number         0  led.o ABSOLUTE
    MYCODE\lu90614.c                         0x00000000   Number         0  lu90614.o ABSOLUTE
    MYCODE\main.c                            0x00000000   Number         0  main.o ABSOLUTE
    MYCODE\pwm_led.c                         0x00000000   Number         0  pwm_led.o ABSOLUTE
    MYCODE\pwm_motor.c                       0x00000000   Number         0  pwm_motor.o ABSOLUTE
    MYCODE\pwm_steering.c                    0x00000000   Number         0  pwm_steering.o ABSOLUTE
    MYCODE\rtc.c                             0x00000000   Number         0  rtc.o ABSOLUTE
    MYCODE\sr04.c                            0x00000000   Number         0  sr04.o ABSOLUTE
    MYCODE\tim2.c                            0x00000000   Number         0  tim2.o ABSOLUTE
    MYCODE\tim6.c                            0x00000000   Number         0  tim6.o ABSOLUTE
    MYCODE\usart.c                           0x00000000   Number         0  usart.o ABSOLUTE
    RTE\Device\STM32F407ZE\startup_stm32f40_41xxx.s 0x00000000   Number         0  startup_stm32f40_41xxx.o ABSOLUTE
    RTE\Device\STM32F407ZE\system_stm32f4xx.c 0x00000000   Number         0  system_stm32f4xx.o ABSOLUTE
    RTE\\Device\\STM32F407ZE\\system_stm32f4xx.c 0x00000000   Number         0  system_stm32f4xx.o ABSOLUTE
    cdrcmple.s                               0x00000000   Number         0  cdrcmple.o ABSOLUTE
    dc.s                                     0x00000000   Number         0  dc.o ABSOLUTE
    handlers.s                               0x00000000   Number         0  handlers.o ABSOLUTE
    init.s                                   0x00000000   Number         0  init.o ABSOLUTE
    RESET                                    0x08000000   Section      392  startup_stm32f40_41xxx.o(RESET)
    .ARM.Collect$$$$00000000                 0x08000188   Section        0  entry.o(.ARM.Collect$$$$00000000)
    .ARM.Collect$$$$00000001                 0x08000188   Section        4  entry2.o(.ARM.Collect$$$$00000001)
    .ARM.Collect$$$$00000004                 0x0800018c   Section        4  entry5.o(.ARM.Collect$$$$00000004)
    .ARM.Collect$$$$00000008                 0x08000190   Section        0  entry7b.o(.ARM.Collect$$$$00000008)
    .ARM.Collect$$$$0000000A                 0x08000190   Section        0  entry8b.o(.ARM.Collect$$$$0000000A)
    .ARM.Collect$$$$0000000B                 0x08000190   Section        8  entry9a.o(.ARM.Collect$$$$0000000B)
    .ARM.Collect$$$$0000000D                 0x08000198   Section        0  entry10a.o(.ARM.Collect$$$$0000000D)
    .ARM.Collect$$$$0000000F                 0x08000198   Section        0  entry11a.o(.ARM.Collect$$$$0000000F)
    .ARM.Collect$$$$00002712                 0x08000198   Section        4  entry2.o(.ARM.Collect$$$$00002712)
    __lit__00000000                          0x08000198   Data           4  entry2.o(.ARM.Collect$$$$00002712)
    .emb_text                                0x0800019c   Section      182  port.o(.emb_text)
    $v0                                      0x0800019c   Number         0  port.o(.emb_text)
    .text                                    0x08000254   Section       36  startup_stm32f40_41xxx.o(.text)
    $v0                                      0x08000254   Number         0  startup_stm32f40_41xxx.o(.text)
    .text                                    0x08000278   Section        0  f2d.o(.text)
    .text                                    0x0800029e   Section        0  uidiv.o(.text)
    .text                                    0x080002ca   Section        0  uldiv.o(.text)
    .text                                    0x0800032c   Section        0  iusefp.o(.text)
    .text                                    0x0800032c   Section        0  dadd.o(.text)
    .text                                    0x0800047a   Section        0  dmul.o(.text)
    .text                                    0x0800055e   Section        0  ddiv.o(.text)
    .text                                    0x0800063c   Section        0  dfixul.o(.text)
    .text                                    0x0800066c   Section       48  cdrcmple.o(.text)
    .text                                    0x0800069c   Section       36  init.o(.text)
    .text                                    0x080006c0   Section        0  llshl.o(.text)
    .text                                    0x080006de   Section        0  llushr.o(.text)
    .text                                    0x080006fe   Section        0  llsshr.o(.text)
    .text                                    0x08000722   Section        0  depilogue.o(.text)
    .text                                    0x080007dc   Section        0  __dczerorl2.o(.text)
    i.ADC_Cmd                                0x08000832   Section        0  stm32f4xx_adc.o(i.ADC_Cmd)
    i.ADC_CommonInit                         0x08000848   Section        0  stm32f4xx_adc.o(i.ADC_CommonInit)
    i.ADC_GetConversionValue                 0x08000878   Section        0  stm32f4xx_adc.o(i.ADC_GetConversionValue)
    i.ADC_GetFlagStatus                      0x08000880   Section        0  stm32f4xx_adc.o(i.ADC_GetFlagStatus)
    i.ADC_Init                               0x08000894   Section        0  stm32f4xx_adc.o(i.ADC_Init)
    i.ADC_RegularChannelConfig               0x080008e8   Section        0  stm32f4xx_adc.o(i.ADC_RegularChannelConfig)
    i.ADC_SoftwareStartConv                  0x080009a0   Section        0  stm32f4xx_adc.o(i.ADC_SoftwareStartConv)
    i.Adc3_Light_Init                        0x080009ac   Section        0  adc_light.o(i.Adc3_Light_Init)
    i.Beep_Init                              0x08000a34   Section        0  beep.o(i.Beep_Init)
    i.Delay_Init                             0x08000a74   Section        0  delay.o(i.Delay_Init)
    i.Dht11_Data                             0x08000a80   Section        0  dht11.o(i.Dht11_Data)
    i.Dht11_Init                             0x08000ab4   Section        0  dht11.o(i.Dht11_Init)
    i.Dht11_Pin_Mode                         0x08000ae8   Section        0  dht11.o(i.Dht11_Pin_Mode)
    i.Dht11_Read_Byte                        0x08000b14   Section        0  dht11.o(i.Dht11_Read_Byte)
    i.Dht11_Start                            0x08000bac   Section        0  dht11.o(i.Dht11_Start)
    i.EXTI0_IRQHandler                       0x08000c58   Section        0  exti.o(i.EXTI0_IRQHandler)
    i.EXTI1_IRQHandler                       0x08000ccc   Section        0  exti.o(i.EXTI1_IRQHandler)
    i.EXTI2_IRQHandler                       0x08000cec   Section        0  exti.o(i.EXTI2_IRQHandler)
    i.EXTI3_IRQHandler                       0x08000d84   Section        0  exti.o(i.EXTI3_IRQHandler)
    i.EXTI4_IRQHandler                       0x08000dec   Section        0  exti.o(i.EXTI4_IRQHandler)
    i.EXTI_ClearITPendingBit                 0x08000e40   Section        0  stm32f4xx_exti.o(i.EXTI_ClearITPendingBit)
    i.EXTI_GetITStatus                       0x08000e4c   Section        0  stm32f4xx_exti.o(i.EXTI_GetITStatus)
    i.EXTI_Init                              0x08000e64   Section        0  stm32f4xx_exti.o(i.EXTI_Init)
    i.Exti_PA0_Init                          0x08000ef8   Section        0  exti.o(i.Exti_PA0_Init)
    i.Exti_PE234_Init                        0x08000f68   Section        0  exti.o(i.Exti_PE234_Init)
    i.GPIO_Init                              0x08001094   Section        0  stm32f4xx_gpio.o(i.GPIO_Init)
    i.GPIO_PinAFConfig                       0x08001124   Section        0  stm32f4xx_gpio.o(i.GPIO_PinAFConfig)
    i.GPIO_ReadInputDataBit                  0x0800116a   Section        0  stm32f4xx_gpio.o(i.GPIO_ReadInputDataBit)
    i.GPIO_ResetBits                         0x0800117c   Section        0  stm32f4xx_gpio.o(i.GPIO_ResetBits)
    i.GPIO_SetBits                           0x08001180   Section        0  stm32f4xx_gpio.o(i.GPIO_SetBits)
    i.GPIO_ToggleBits                        0x08001184   Section        0  stm32f4xx_gpio.o(i.GPIO_ToggleBits)
    i.Get_Adc_Light_Value                    0x0800118c   Section        0  adc_light.o(i.Get_Adc_Light_Value)
    i.Get_RTC_Time                           0x080011b4   Section        0  rtc.o(i.Get_RTC_Time)
    i.Get_Sr04_Value                         0x08001374   Section        0  sr04.o(i.Get_Sr04_Value)
    i.I2C_Configuration                      0x08001420   Section        0  oled_i2c.o(i.I2C_Configuration)
    i.I2C_WriteByte                          0x080014b4   Section        0  oled_i2c.o(i.I2C_WriteByte)
    i.Key_Init                               0x08001520   Section        0  key.o(i.Key_Init)
    i.LV90614_Init                           0x08001578   Section        0  lu90614.o(i.LV90614_Init)
    i.Led_Init                               0x08001628   Section        0  led.o(i.Led_Init)
    i.NVIC_Init                              0x080016b4   Section        0  misc.o(i.NVIC_Init)
    i.NVIC_PriorityGroupConfig               0x0800172c   Section        0  misc.o(i.NVIC_PriorityGroupConfig)
    i.OLED_CLS                               0x08001740   Section        0  oled_i2c.o(i.OLED_CLS)
    i.OLED_Fill                              0x0800174a   Section        0  oled_i2c.o(i.OLED_Fill)
    i.OLED_Iic_Recv_Ack                      0x08001784   Section        0  oled_i2c.o(i.OLED_Iic_Recv_Ack)
    i.OLED_Iic_Sda_Mode                      0x080017cc   Section        0  oled_i2c.o(i.OLED_Iic_Sda_Mode)
    i.OLED_Iic_Send_Byte                     0x080017f8   Section        0  oled_i2c.o(i.OLED_Iic_Send_Byte)
    i.OLED_Iic_Start                         0x08001858   Section        0  oled_i2c.o(i.OLED_Iic_Start)
    i.OLED_Iic_Stop                          0x08001894   Section        0  oled_i2c.o(i.OLED_Iic_Stop)
    i.OLED_Init                              0x080018cc   Section        0  oled_i2c.o(i.OLED_Init)
    i.OLED_SetPos                            0x0800197e   Section        0  oled_i2c.o(i.OLED_SetPos)
    i.OLED_ShowCN                            0x080019a8   Section        0  oled_i2c.o(i.OLED_ShowCN)
    i.OLED_ShowStr                           0x080019fc   Section        0  oled_i2c.o(i.OLED_ShowStr)
    i.PWR_BackupAccessCmd                    0x08001b78   Section        0  stm32f4xx_pwr.o(i.PWR_BackupAccessCmd)
    i.RCC_AHB1PeriphClockCmd                 0x08001b84   Section        0  stm32f4xx_rcc.o(i.RCC_AHB1PeriphClockCmd)
    i.RCC_APB1PeriphClockCmd                 0x08001ba4   Section        0  stm32f4xx_rcc.o(i.RCC_APB1PeriphClockCmd)
    i.RCC_APB2PeriphClockCmd                 0x08001bc4   Section        0  stm32f4xx_rcc.o(i.RCC_APB2PeriphClockCmd)
    i.RCC_GetClocksFreq                      0x08001be4   Section        0  stm32f4xx_rcc.o(i.RCC_GetClocksFreq)
    i.RCC_LSEConfig                          0x08001ccc   Section        0  stm32f4xx_rcc.o(i.RCC_LSEConfig)
    i.RCC_RTCCLKCmd                          0x08001cf8   Section        0  stm32f4xx_rcc.o(i.RCC_RTCCLKCmd)
    i.RCC_RTCCLKConfig                       0x08001d04   Section        0  stm32f4xx_rcc.o(i.RCC_RTCCLKConfig)
    i.RTC_Bcd2ToByte                         0x08001d40   Section        0  stm32f4xx_rtc.o(i.RTC_Bcd2ToByte)
    RTC_Bcd2ToByte                           0x08001d41   Thumb Code    22  stm32f4xx_rtc.o(i.RTC_Bcd2ToByte)
    i.RTC_ByteToBcd2                         0x08001d56   Section        0  stm32f4xx_rtc.o(i.RTC_ByteToBcd2)
    RTC_ByteToBcd2                           0x08001d57   Thumb Code    28  stm32f4xx_rtc.o(i.RTC_ByteToBcd2)
    i.RTC_EnterInitMode                      0x08001d74   Section        0  stm32f4xx_rtc.o(i.RTC_EnterInitMode)
    i.RTC_ExitInitMode                       0x08001dc4   Section        0  stm32f4xx_rtc.o(i.RTC_ExitInitMode)
    i.RTC_GetDate                            0x08001dd8   Section        0  stm32f4xx_rtc.o(i.RTC_GetDate)
    i.RTC_GetTime                            0x08001e24   Section        0  stm32f4xx_rtc.o(i.RTC_GetTime)
    i.RTC_Init                               0x08001e74   Section        0  stm32f4xx_rtc.o(i.RTC_Init)
    i.RTC_SetDate                            0x08001ed8   Section        0  stm32f4xx_rtc.o(i.RTC_SetDate)
    i.RTC_SetTime                            0x08001fa0   Section        0  stm32f4xx_rtc.o(i.RTC_SetTime)
    i.RTC_WaitForSynchro                     0x08002070   Section        0  stm32f4xx_rtc.o(i.RTC_WaitForSynchro)
    i.RTC_WriteBackupRegister                0x080020d0   Section        0  stm32f4xx_rtc.o(i.RTC_WriteBackupRegister)
    i.Rtc_Init                               0x080020ec   Section        0  rtc.o(i.Rtc_Init)
    i.Rtc_Setting_Show                       0x080021c8   Section        0  rtc.o(i.Rtc_Setting_Show)
    i.Rtc_Time_Down                          0x080028ac   Section        0  rtc.o(i.Rtc_Time_Down)
    i.Rtc_Time_Up                            0x08002988   Section        0  rtc.o(i.Rtc_Time_Up)
    i.SYSCFG_EXTILineConfig                  0x08002a7c   Section        0  stm32f4xx_syscfg.o(i.SYSCFG_EXTILineConfig)
    i.SetSysClock                            0x08002abc   Section        0  system_stm32f4xx.o(i.SetSysClock)
    SetSysClock                              0x08002abd   Thumb Code   220  system_stm32f4xx.o(i.SetSysClock)
    i.Show_History                           0x08002ba8   Section        0  main.o(i.Show_History)
    i.Sleep_mode                             0x08002d34   Section        0  rtc.o(i.Sleep_mode)
    i.Sr04_Init                              0x08002d40   Section        0  sr04.o(i.Sr04_Init)
    i.SysTick_CLKSourceConfig                0x08002dcc   Section        0  misc.o(i.SysTick_CLKSourceConfig)
    i.SysTick_Handler                        0x08002df4   Section        0  port.o(i.SysTick_Handler)
    i.SystemInit                             0x08002e28   Section        0  system_stm32f4xx.o(i.SystemInit)
    i.TIM2_IRQHandler                        0x08002e90   Section        0  tim2.o(i.TIM2_IRQHandler)
    i.TIM6_DAC_IRQHandler                    0x08002eb4   Section        0  tim6.o(i.TIM6_DAC_IRQHandler)
    i.TIM_ClearITPendingBit                  0x08002edc   Section        0  stm32f4xx_tim.o(i.TIM_ClearITPendingBit)
    i.TIM_Cmd                                0x08002ee2   Section        0  stm32f4xx_tim.o(i.TIM_Cmd)
    i.TIM_GetITStatus                        0x08002efa   Section        0  stm32f4xx_tim.o(i.TIM_GetITStatus)
    i.TIM_TimeBaseInit                       0x08002f1c   Section        0  stm32f4xx_tim.o(i.TIM_TimeBaseInit)
    i.Time_Select                            0x08002fa0   Section        0  rtc.o(i.Time_Select)
    i.Time_Set_In                            0x08002fe4   Section        0  rtc.o(i.Time_Set_In)
    i.USART3_IRQHandler                      0x08003054   Section        0  lu90614.o(i.USART3_IRQHandler)
    i.USART3_SendData                        0x080030cc   Section        0  lu90614.o(i.USART3_SendData)
    i.USART_Cmd                              0x080030ec   Section        0  stm32f4xx_usart.o(i.USART_Cmd)
    i.USART_GetFlagStatus                    0x08003104   Section        0  stm32f4xx_usart.o(i.USART_GetFlagStatus)
    i.USART_GetITStatus                      0x0800311e   Section        0  stm32f4xx_usart.o(i.USART_GetITStatus)
    i.USART_ITConfig                         0x08003172   Section        0  stm32f4xx_usart.o(i.USART_ITConfig)
    i.USART_Init                             0x080031bc   Section        0  stm32f4xx_usart.o(i.USART_Init)
    i.USART_ReceiveData                      0x08003290   Section        0  stm32f4xx_usart.o(i.USART_ReceiveData)
    i.USART_SendData                         0x0800329a   Section        0  stm32f4xx_usart.o(i.USART_SendData)
    i.Usart1_Init                            0x080032a4   Section        0  usart.o(i.Usart1_Init)
    i.WriteCmd                               0x08003358   Section        0  oled_i2c.o(i.WriteCmd)
    i.WriteDat                               0x08003366   Section        0  oled_i2c.o(i.WriteDat)
    i.__0printf                              0x08003374   Section        0  printfa.o(i.__0printf)
    i.__0sprintf                             0x08003394   Section        0  printfa.o(i.__0sprintf)
    i.__scatterload_copy                     0x080033bc   Section       14  handlers.o(i.__scatterload_copy)
    i.__scatterload_null                     0x080033ca   Section        2  handlers.o(i.__scatterload_null)
    i.__scatterload_zeroinit                 0x080033cc   Section       14  handlers.o(i.__scatterload_zeroinit)
    i._fp_digits                             0x080033dc   Section        0  printfa.o(i._fp_digits)
    _fp_digits                               0x080033dd   Thumb Code   334  printfa.o(i._fp_digits)
    i._printf_core                           0x08003540   Section        0  printfa.o(i._printf_core)
    _printf_core                             0x08003541   Thumb Code  1744  printfa.o(i._printf_core)
    i._printf_post_padding                   0x08003c1c   Section        0  printfa.o(i._printf_post_padding)
    _printf_post_padding                     0x08003c1d   Thumb Code    36  printfa.o(i._printf_post_padding)
    i._printf_pre_padding                    0x08003c40   Section        0  printfa.o(i._printf_pre_padding)
    _printf_pre_padding                      0x08003c41   Thumb Code    46  printfa.o(i._printf_pre_padding)
    i._sputc                                 0x08003c6e   Section        0  printfa.o(i._sputc)
    _sputc                                   0x08003c6f   Thumb Code    10  printfa.o(i._sputc)
    i.delay_ms                               0x08003c78   Section        0  delay.o(i.delay_ms)
    i.delay_s                                0x08003ccc   Section        0  delay.o(i.delay_s)
    i.delay_us                               0x08003cec   Section        0  delay.o(i.delay_us)
    i.fputc                                  0x08003d3c   Section        0  usart.o(i.fputc)
    i.main                                   0x08003d60   Section        0  main.o(i.main)
    i.menu1                                  0x08003eb4   Section        0  main.o(i.menu1)
    i.prvResetNextTaskUnblockTime            0x08004048   Section        0  tasks.o(i.prvResetNextTaskUnblockTime)
    prvResetNextTaskUnblockTime              0x08004049   Thumb Code    42  tasks.o(i.prvResetNextTaskUnblockTime)
    i.uxListRemove                           0x0800407c   Section        0  list.o(i.uxListRemove)
    i.vListInsertEnd                         0x080040a4   Section        0  list.o(i.vListInsertEnd)
    i.vTaskSwitchContext                     0x080040bc   Section        0  tasks.o(i.vTaskSwitchContext)
    i.xTaskIncrementTick                     0x08004148   Section        0  tasks.o(i.xTaskIncrementTick)
    .constdata                               0x08004290   Section       14  rtc.o(.constdata)
    .constdata                               0x0800429e   Section     2232  oled_i2c.o(.constdata)
    .data                                    0x20000000   Section       20  main.o(.data)
    .data                                    0x20000014   Section       12  exti.o(.data)
    .data                                    0x20000020   Section        8  delay.o(.data)
    .data                                    0x20000028   Section        4  usart.o(.data)
    .data                                    0x2000002c   Section       40  rtc.o(.data)
    .data                                    0x20000054   Section     1760  oled_i2c.o(.data)
    .data                                    0x20000734   Section        6  lu90614.o(.data)
    .data                                    0x2000073c   Section       60  tasks.o(.data)
    pxDelayedTaskList                        0x20000740   Data           4  tasks.o(.data)
    pxOverflowDelayedTaskList                0x20000744   Data           4  tasks.o(.data)
    uxDeletedTasksWaitingCleanUp             0x20000748   Data           4  tasks.o(.data)
    uxCurrentNumberOfTasks                   0x2000074c   Data           4  tasks.o(.data)
    xTickCount                               0x20000750   Data           4  tasks.o(.data)
    uxTopReadyPriority                       0x20000754   Data           4  tasks.o(.data)
    xSchedulerRunning                        0x20000758   Data           4  tasks.o(.data)
    uxPendedTicks                            0x2000075c   Data           4  tasks.o(.data)
    xYieldPending                            0x20000760   Data           4  tasks.o(.data)
    xNumOfOverflows                          0x20000764   Data           4  tasks.o(.data)
    uxTaskNumber                             0x20000768   Data           4  tasks.o(.data)
    xNextTaskUnblockTime                     0x2000076c   Data           4  tasks.o(.data)
    xIdleTaskHandle                          0x20000770   Data           4  tasks.o(.data)
    uxSchedulerSuspended                     0x20000774   Data           4  tasks.o(.data)
    .data                                    0x20000778   Section       16  stm32f4xx_rcc.o(.data)
    APBAHBPrescTable                         0x20000778   Data          16  stm32f4xx_rcc.o(.data)
    .bss                                     0x20000788   Section      228  main.o(.bss)
    .bss                                     0x2000086c   Section      200  lu90614.o(.bss)
    .bss                                     0x20000934   Section      200  tasks.o(.bss)
    pxReadyTasksLists                        0x20000934   Data         100  tasks.o(.bss)
    xDelayedTaskList1                        0x20000998   Data          20  tasks.o(.bss)
    xDelayedTaskList2                        0x200009ac   Data          20  tasks.o(.bss)
    xPendingReadyList                        0x200009c0   Data          20  tasks.o(.bss)
    xTasksWaitingTermination                 0x200009d4   Data          20  tasks.o(.bss)
    xSuspendedTaskList                       0x200009e8   Data          20  tasks.o(.bss)
    STACK                                    0x20000a00   Section     1024  startup_stm32f40_41xxx.o(STACK)

    Global Symbols

    Symbol Name                              Value     Ov Type        Size  Object(Section)

    BuildAttributes$$THM_ISAv4$E$P$D$K$B$S$7EM$VFPi3$EXTD16$VFPS$VFMA$PE$A:L22UL41UL21$X:L11$S22US41US21$IEEE1$IW$USESV6$~STKCKD$USESV7$~SHL$OSPACE$ROPI$EBA8$MICROLIB$REQ8$PRES8$EABIv2 0x00000000   Number         0  anon$$obj.o ABSOLUTE
    __ARM_use_no_argv                        0x00000000   Number         0  main.o ABSOLUTE
    __use_no_errno                           0x00000000   Number         0  useno.o ABSOLUTE
    __use_no_exception_handling              0x00000000   Number         0  useno.o ABSOLUTE
    __use_no_fp                              0x00000000   Number         0  useno.o ABSOLUTE
    __use_no_heap                            0x00000000   Number         0  useno.o ABSOLUTE
    __use_no_heap_region                     0x00000000   Number         0  useno.o ABSOLUTE
    __use_no_semihosting                     0x00000000   Number         0  useno.o ABSOLUTE
    __use_no_semihosting_swi                 0x00000000   Number         0  useno.o ABSOLUTE
    __use_no_signal_handling                 0x00000000   Number         0  useno.o ABSOLUTE
    _printf_a                                0x00000000   Number         0  stubs.o ABSOLUTE
    _printf_c                                0x00000000   Number         0  stubs.o ABSOLUTE
    _printf_charcount                        0x00000000   Number         0  stubs.o ABSOLUTE
    _printf_d                                0x00000000   Number         0  stubs.o ABSOLUTE
    _printf_e                                0x00000000   Number         0  stubs.o ABSOLUTE
    _printf_f                                0x00000000   Number         0  stubs.o ABSOLUTE
    _printf_flags                            0x00000000   Number         0  stubs.o ABSOLUTE
    _printf_fp_dec                           0x00000000   Number         0  stubs.o ABSOLUTE
    _printf_fp_hex                           0x00000000   Number         0  stubs.o ABSOLUTE
    _printf_g                                0x00000000   Number         0  stubs.o ABSOLUTE
    _printf_i                                0x00000000   Number         0  stubs.o ABSOLUTE
    _printf_int_dec                          0x00000000   Number         0  stubs.o ABSOLUTE
    _printf_l                                0x00000000   Number         0  stubs.o ABSOLUTE
    _printf_lc                               0x00000000   Number         0  stubs.o ABSOLUTE
    _printf_ll                               0x00000000   Number         0  stubs.o ABSOLUTE
    _printf_lld                              0x00000000   Number         0  stubs.o ABSOLUTE
    _printf_lli                              0x00000000   Number         0  stubs.o ABSOLUTE
    _printf_llo                              0x00000000   Number         0  stubs.o ABSOLUTE
    _printf_llu                              0x00000000   Number         0  stubs.o ABSOLUTE
    _printf_llx                              0x00000000   Number         0  stubs.o ABSOLUTE
    _printf_longlong_dec                     0x00000000   Number         0  stubs.o ABSOLUTE
    _printf_longlong_hex                     0x00000000   Number         0  stubs.o ABSOLUTE
    _printf_longlong_oct                     0x00000000   Number         0  stubs.o ABSOLUTE
    _printf_ls                               0x00000000   Number         0  stubs.o ABSOLUTE
    _printf_mbtowc                           0x00000000   Number         0  stubs.o ABSOLUTE
    _printf_n                                0x00000000   Number         0  stubs.o ABSOLUTE
    _printf_o                                0x00000000   Number         0  stubs.o ABSOLUTE
    _printf_p                                0x00000000   Number         0  stubs.o ABSOLUTE
    _printf_percent                          0x00000000   Number         0  stubs.o ABSOLUTE
    _printf_pre_padding                      0x00000000   Number         0  stubs.o ABSOLUTE
    _printf_return_value                     0x00000000   Number         0  stubs.o ABSOLUTE
    _printf_s                                0x00000000   Number         0  stubs.o ABSOLUTE
    _printf_sizespec                         0x00000000   Number         0  stubs.o ABSOLUTE
    _printf_str                              0x00000000   Number         0  stubs.o ABSOLUTE
    _printf_truncate_signed                  0x00000000   Number         0  stubs.o ABSOLUTE
    _printf_truncate_unsigned                0x00000000   Number         0  stubs.o ABSOLUTE
    _printf_u                                0x00000000   Number         0  stubs.o ABSOLUTE
    _printf_wc                               0x00000000   Number         0  stubs.o ABSOLUTE
    _printf_wctomb                           0x00000000   Number         0  stubs.o ABSOLUTE
    _printf_widthprec                        0x00000000   Number         0  stubs.o ABSOLUTE
    _printf_x                                0x00000000   Number         0  stubs.o ABSOLUTE
    __cpp_initialize__aeabi_                  - Undefined Weak Reference
    __cxa_finalize                            - Undefined Weak Reference
    _clock_init                               - Undefined Weak Reference
    _microlib_exit                            - Undefined Weak Reference
    __Vectors_Size                           0x00000188   Number         0  startup_stm32f40_41xxx.o ABSOLUTE
    __Vectors                                0x08000000   Data           4  startup_stm32f40_41xxx.o(RESET)
    __Vectors_End                            0x08000188   Data           0  startup_stm32f40_41xxx.o(RESET)
    __main                                   0x08000189   Thumb Code     0  entry.o(.ARM.Collect$$$$00000000)
    _main_stk                                0x08000189   Thumb Code     0  entry2.o(.ARM.Collect$$$$00000001)
    _main_scatterload                        0x0800018d   Thumb Code     0  entry5.o(.ARM.Collect$$$$00000004)
    __main_after_scatterload                 0x08000191   Thumb Code     0  entry5.o(.ARM.Collect$$$$00000004)
    _main_clock                              0x08000191   Thumb Code     0  entry7b.o(.ARM.Collect$$$$00000008)
    _main_cpp_init                           0x08000191   Thumb Code     0  entry8b.o(.ARM.Collect$$$$0000000A)
    _main_init                               0x08000191   Thumb Code     0  entry9a.o(.ARM.Collect$$$$0000000B)
    __rt_final_cpp                           0x08000199   Thumb Code     0  entry10a.o(.ARM.Collect$$$$0000000D)
    __rt_final_exit                          0x08000199   Thumb Code     0  entry11a.o(.ARM.Collect$$$$0000000F)
    SVC_Handler                              0x0800019d   Thumb Code    28  port.o(.emb_text)
    __asm___6_port_c_39a90d8d__prvStartFirstTask 0x080001bd   Thumb Code    28  port.o(.emb_text)
    __asm___6_port_c_39a90d8d__prvEnableVFP  0x080001dd   Thumb Code    16  port.o(.emb_text)
    PendSV_Handler                           0x080001f1   Thumb Code    88  port.o(.emb_text)
    vPortGetIPSR                             0x0800024d   Thumb Code     6  port.o(.emb_text)
    Reset_Handler                            0x08000255   Thumb Code     8  startup_stm32f40_41xxx.o(.text)
    NMI_Handler                              0x0800025d   Thumb Code     2  startup_stm32f40_41xxx.o(.text)
    HardFault_Handler                        0x0800025f   Thumb Code     2  startup_stm32f40_41xxx.o(.text)
    MemManage_Handler                        0x08000261   Thumb Code     2  startup_stm32f40_41xxx.o(.text)
    BusFault_Handler                         0x08000263   Thumb Code     2  startup_stm32f40_41xxx.o(.text)
    UsageFault_Handler                       0x08000265   Thumb Code     2  startup_stm32f40_41xxx.o(.text)
    DebugMon_Handler                         0x08000269   Thumb Code     2  startup_stm32f40_41xxx.o(.text)
    ADC_IRQHandler                           0x0800026f   Thumb Code     0  startup_stm32f40_41xxx.o(.text)
    CAN1_RX0_IRQHandler                      0x0800026f   Thumb Code     0  startup_stm32f40_41xxx.o(.text)
    CAN1_RX1_IRQHandler                      0x0800026f   Thumb Code     0  startup_stm32f40_41xxx.o(.text)
    CAN1_SCE_IRQHandler                      0x0800026f   Thumb Code     0  startup_stm32f40_41xxx.o(.text)
    CAN1_TX_IRQHandler                       0x0800026f   Thumb Code     0  startup_stm32f40_41xxx.o(.text)
    CAN2_RX0_IRQHandler                      0x0800026f   Thumb Code     0  startup_stm32f40_41xxx.o(.text)
    CAN2_RX1_IRQHandler                      0x0800026f   Thumb Code     0  startup_stm32f40_41xxx.o(.text)
    CAN2_SCE_IRQHandler                      0x0800026f   Thumb Code     0  startup_stm32f40_41xxx.o(.text)
    CAN2_TX_IRQHandler                       0x0800026f   Thumb Code     0  startup_stm32f40_41xxx.o(.text)
    CRYP_IRQHandler                          0x0800026f   Thumb Code     0  startup_stm32f40_41xxx.o(.text)
    DCMI_IRQHandler                          0x0800026f   Thumb Code     0  startup_stm32f40_41xxx.o(.text)
    DMA1_Stream0_IRQHandler                  0x0800026f   Thumb Code     0  startup_stm32f40_41xxx.o(.text)
    DMA1_Stream1_IRQHandler                  0x0800026f   Thumb Code     0  startup_stm32f40_41xxx.o(.text)
    DMA1_Stream2_IRQHandler                  0x0800026f   Thumb Code     0  startup_stm32f40_41xxx.o(.text)
    DMA1_Stream3_IRQHandler                  0x0800026f   Thumb Code     0  startup_stm32f40_41xxx.o(.text)
    DMA1_Stream4_IRQHandler                  0x0800026f   Thumb Code     0  startup_stm32f40_41xxx.o(.text)
    DMA1_Stream5_IRQHandler                  0x0800026f   Thumb Code     0  startup_stm32f40_41xxx.o(.text)
    DMA1_Stream6_IRQHandler                  0x0800026f   Thumb Code     0  startup_stm32f40_41xxx.o(.text)
    DMA1_Stream7_IRQHandler                  0x0800026f   Thumb Code     0  startup_stm32f40_41xxx.o(.text)
    DMA2_Stream0_IRQHandler                  0x0800026f   Thumb Code     0  startup_stm32f40_41xxx.o(.text)
    DMA2_Stream1_IRQHandler                  0x0800026f   Thumb Code     0  startup_stm32f40_41xxx.o(.text)
    DMA2_Stream2_IRQHandler                  0x0800026f   Thumb Code     0  startup_stm32f40_41xxx.o(.text)
    DMA2_Stream3_IRQHandler                  0x0800026f   Thumb Code     0  startup_stm32f40_41xxx.o(.text)
    DMA2_Stream4_IRQHandler                  0x0800026f   Thumb Code     0  startup_stm32f40_41xxx.o(.text)
    DMA2_Stream5_IRQHandler                  0x0800026f   Thumb Code     0  startup_stm32f40_41xxx.o(.text)
    DMA2_Stream6_IRQHandler                  0x0800026f   Thumb Code     0  startup_stm32f40_41xxx.o(.text)
    DMA2_Stream7_IRQHandler                  0x0800026f   Thumb Code     0  startup_stm32f40_41xxx.o(.text)
    ETH_IRQHandler                           0x0800026f   Thumb Code     0  startup_stm32f40_41xxx.o(.text)
    ETH_WKUP_IRQHandler                      0x0800026f   Thumb Code     0  startup_stm32f40_41xxx.o(.text)
    EXTI15_10_IRQHandler                     0x0800026f   Thumb Code     0  startup_stm32f40_41xxx.o(.text)
    EXTI9_5_IRQHandler                       0x0800026f   Thumb Code     0  startup_stm32f40_41xxx.o(.text)
    FLASH_IRQHandler                         0x0800026f   Thumb Code     0  startup_stm32f40_41xxx.o(.text)
    FPU_IRQHandler                           0x0800026f   Thumb Code     0  startup_stm32f40_41xxx.o(.text)
    FSMC_IRQHandler                          0x0800026f   Thumb Code     0  startup_stm32f40_41xxx.o(.text)
    HASH_RNG_IRQHandler                      0x0800026f   Thumb Code     0  startup_stm32f40_41xxx.o(.text)
    I2C1_ER_IRQHandler                       0x0800026f   Thumb Code     0  startup_stm32f40_41xxx.o(.text)
    I2C1_EV_IRQHandler                       0x0800026f   Thumb Code     0  startup_stm32f40_41xxx.o(.text)
    I2C2_ER_IRQHandler                       0x0800026f   Thumb Code     0  startup_stm32f40_41xxx.o(.text)
    I2C2_EV_IRQHandler                       0x0800026f   Thumb Code     0  startup_stm32f40_41xxx.o(.text)
    I2C3_ER_IRQHandler                       0x0800026f   Thumb Code     0  startup_stm32f40_41xxx.o(.text)
    I2C3_EV_IRQHandler                       0x0800026f   Thumb Code     0  startup_stm32f40_41xxx.o(.text)
    OTG_FS_IRQHandler                        0x0800026f   Thumb Code     0  startup_stm32f40_41xxx.o(.text)
    OTG_FS_WKUP_IRQHandler                   0x0800026f   Thumb Code     0  startup_stm32f40_41xxx.o(.text)
    OTG_HS_EP1_IN_IRQHandler                 0x0800026f   Thumb Code     0  startup_stm32f40_41xxx.o(.text)
    OTG_HS_EP1_OUT_IRQHandler                0x0800026f   Thumb Code     0  startup_stm32f40_41xxx.o(.text)
    OTG_HS_IRQHandler                        0x0800026f   Thumb Code     0  startup_stm32f40_41xxx.o(.text)
    OTG_HS_WKUP_IRQHandler                   0x0800026f   Thumb Code     0  startup_stm32f40_41xxx.o(.text)
    PVD_IRQHandler                           0x0800026f   Thumb Code     0  startup_stm32f40_41xxx.o(.text)
    RCC_IRQHandler                           0x0800026f   Thumb Code     0  startup_stm32f40_41xxx.o(.text)
    RTC_Alarm_IRQHandler                     0x0800026f   Thumb Code     0  startup_stm32f40_41xxx.o(.text)
    RTC_WKUP_IRQHandler                      0x0800026f   Thumb Code     0  startup_stm32f40_41xxx.o(.text)
    SDIO_IRQHandler                          0x0800026f   Thumb Code     0  startup_stm32f40_41xxx.o(.text)
    SPI1_IRQHandler                          0x0800026f   Thumb Code     0  startup_stm32f40_41xxx.o(.text)
    SPI2_IRQHandler                          0x0800026f   Thumb Code     0  startup_stm32f40_41xxx.o(.text)
    SPI3_IRQHandler                          0x0800026f   Thumb Code     0  startup_stm32f40_41xxx.o(.text)
    TAMP_STAMP_IRQHandler                    0x0800026f   Thumb Code     0  startup_stm32f40_41xxx.o(.text)
    TIM1_BRK_TIM9_IRQHandler                 0x0800026f   Thumb Code     0  startup_stm32f40_41xxx.o(.text)
    TIM1_CC_IRQHandler                       0x0800026f   Thumb Code     0  startup_stm32f40_41xxx.o(.text)
    TIM1_TRG_COM_TIM11_IRQHandler            0x0800026f   Thumb Code     0  startup_stm32f40_41xxx.o(.text)
    TIM1_UP_TIM10_IRQHandler                 0x0800026f   Thumb Code     0  startup_stm32f40_41xxx.o(.text)
    TIM3_IRQHandler                          0x0800026f   Thumb Code     0  startup_stm32f40_41xxx.o(.text)
    TIM4_IRQHandler                          0x0800026f   Thumb Code     0  startup_stm32f40_41xxx.o(.text)
    TIM5_IRQHandler                          0x0800026f   Thumb Code     0  startup_stm32f40_41xxx.o(.text)
    TIM7_IRQHandler                          0x0800026f   Thumb Code     0  startup_stm32f40_41xxx.o(.text)
    TIM8_BRK_TIM12_IRQHandler                0x0800026f   Thumb Code     0  startup_stm32f40_41xxx.o(.text)
    TIM8_CC_IRQHandler                       0x0800026f   Thumb Code     0  startup_stm32f40_41xxx.o(.text)
    TIM8_TRG_COM_TIM14_IRQHandler            0x0800026f   Thumb Code     0  startup_stm32f40_41xxx.o(.text)
    TIM8_UP_TIM13_IRQHandler                 0x0800026f   Thumb Code     0  startup_stm32f40_41xxx.o(.text)
    UART4_IRQHandler                         0x0800026f   Thumb Code     0  startup_stm32f40_41xxx.o(.text)
    UART5_IRQHandler                         0x0800026f   Thumb Code     0  startup_stm32f40_41xxx.o(.text)
    USART1_IRQHandler                        0x0800026f   Thumb Code     0  startup_stm32f40_41xxx.o(.text)
    USART2_IRQHandler                        0x0800026f   Thumb Code     0  startup_stm32f40_41xxx.o(.text)
    USART6_IRQHandler                        0x0800026f   Thumb Code     0  startup_stm32f40_41xxx.o(.text)
    WWDG_IRQHandler                          0x0800026f   Thumb Code     0  startup_stm32f40_41xxx.o(.text)
    __aeabi_f2d                              0x08000279   Thumb Code    38  f2d.o(.text)
    __aeabi_uidiv                            0x0800029f   Thumb Code     0  uidiv.o(.text)
    __aeabi_uidivmod                         0x0800029f   Thumb Code    44  uidiv.o(.text)
    __aeabi_uldivmod                         0x080002cb   Thumb Code    98  uldiv.o(.text)
    __I$use$fp                               0x0800032d   Thumb Code     0  iusefp.o(.text)
    __aeabi_dadd                             0x0800032d   Thumb Code   322  dadd.o(.text)
    __aeabi_dsub                             0x0800046f   Thumb Code     6  dadd.o(.text)
    __aeabi_drsub                            0x08000475   Thumb Code     6  dadd.o(.text)
    __aeabi_dmul                             0x0800047b   Thumb Code   228  dmul.o(.text)
    __aeabi_ddiv                             0x0800055f   Thumb Code   222  ddiv.o(.text)
    __aeabi_d2ulz                            0x0800063d   Thumb Code    48  dfixul.o(.text)
    __aeabi_cdrcmple                         0x0800066d   Thumb Code    48  cdrcmple.o(.text)
    __scatterload                            0x0800069d   Thumb Code    28  init.o(.text)
    __scatterload_rt2                        0x0800069d   Thumb Code     0  init.o(.text)
    __aeabi_llsl                             0x080006c1   Thumb Code    30  llshl.o(.text)
    _ll_shift_l                              0x080006c1   Thumb Code     0  llshl.o(.text)
    __aeabi_llsr                             0x080006df   Thumb Code    32  llushr.o(.text)
    _ll_ushift_r                             0x080006df   Thumb Code     0  llushr.o(.text)
    __aeabi_lasr                             0x080006ff   Thumb Code    36  llsshr.o(.text)
    _ll_sshift_r                             0x080006ff   Thumb Code     0  llsshr.o(.text)
    _double_round                            0x08000723   Thumb Code    30  depilogue.o(.text)
    _double_epilogue                         0x08000741   Thumb Code   156  depilogue.o(.text)
    __decompress                             0x080007dd   Thumb Code     0  __dczerorl2.o(.text)
    __decompress1                            0x080007dd   Thumb Code    86  __dczerorl2.o(.text)
    ADC_Cmd                                  0x08000833   Thumb Code    22  stm32f4xx_adc.o(i.ADC_Cmd)
    ADC_CommonInit                           0x08000849   Thumb Code    34  stm32f4xx_adc.o(i.ADC_CommonInit)
    ADC_GetConversionValue                   0x08000879   Thumb Code     8  stm32f4xx_adc.o(i.ADC_GetConversionValue)
    ADC_GetFlagStatus                        0x08000881   Thumb Code    18  stm32f4xx_adc.o(i.ADC_GetFlagStatus)
    ADC_Init                                 0x08000895   Thumb Code    74  stm32f4xx_adc.o(i.ADC_Init)
    ADC_RegularChannelConfig                 0x080008e9   Thumb Code   184  stm32f4xx_adc.o(i.ADC_RegularChannelConfig)
    ADC_SoftwareStartConv                    0x080009a1   Thumb Code    10  stm32f4xx_adc.o(i.ADC_SoftwareStartConv)
    Adc3_Light_Init                          0x080009ad   Thumb Code   126  adc_light.o(i.Adc3_Light_Init)
    Beep_Init                                0x08000a35   Thumb Code    58  beep.o(i.Beep_Init)
    Delay_Init                               0x08000a75   Thumb Code    12  delay.o(i.Delay_Init)
    Dht11_Data                               0x08000a81   Thumb Code    50  dht11.o(i.Dht11_Data)
    Dht11_Init                               0x08000ab5   Thumb Code    48  dht11.o(i.Dht11_Init)
    Dht11_Pin_Mode                           0x08000ae9   Thumb Code    40  dht11.o(i.Dht11_Pin_Mode)
    Dht11_Read_Byte                          0x08000b15   Thumb Code   148  dht11.o(i.Dht11_Read_Byte)
    Dht11_Start                              0x08000bad   Thumb Code   168  dht11.o(i.Dht11_Start)
    EXTI0_IRQHandler                         0x08000c59   Thumb Code    88  exti.o(i.EXTI0_IRQHandler)
    EXTI1_IRQHandler                         0x08000ccd   Thumb Code    28  exti.o(i.EXTI1_IRQHandler)
    EXTI2_IRQHandler                         0x08000ced   Thumb Code   108  exti.o(i.EXTI2_IRQHandler)
    EXTI3_IRQHandler                         0x08000d85   Thumb Code    74  exti.o(i.EXTI3_IRQHandler)
    EXTI4_IRQHandler                         0x08000ded   Thumb Code    70  exti.o(i.EXTI4_IRQHandler)
    EXTI_ClearITPendingBit                   0x08000e41   Thumb Code     6  stm32f4xx_exti.o(i.EXTI_ClearITPendingBit)
    EXTI_GetITStatus                         0x08000e4d   Thumb Code    20  stm32f4xx_exti.o(i.EXTI_GetITStatus)
    EXTI_Init                                0x08000e65   Thumb Code   142  stm32f4xx_exti.o(i.EXTI_Init)
    Exti_PA0_Init                            0x08000ef9   Thumb Code   106  exti.o(i.Exti_PA0_Init)
    Exti_PE234_Init                          0x08000f69   Thumb Code   294  exti.o(i.Exti_PE234_Init)
    GPIO_Init                                0x08001095   Thumb Code   144  stm32f4xx_gpio.o(i.GPIO_Init)
    GPIO_PinAFConfig                         0x08001125   Thumb Code    70  stm32f4xx_gpio.o(i.GPIO_PinAFConfig)
    GPIO_ReadInputDataBit                    0x0800116b   Thumb Code    18  stm32f4xx_gpio.o(i.GPIO_ReadInputDataBit)
    GPIO_ResetBits                           0x0800117d   Thumb Code     4  stm32f4xx_gpio.o(i.GPIO_ResetBits)
    GPIO_SetBits                             0x08001181   Thumb Code     4  stm32f4xx_gpio.o(i.GPIO_SetBits)
    GPIO_ToggleBits                          0x08001185   Thumb Code     8  stm32f4xx_gpio.o(i.GPIO_ToggleBits)
    Get_Adc_Light_Value                      0x0800118d   Thumb Code    34  adc_light.o(i.Get_Adc_Light_Value)
    Get_RTC_Time                             0x080011b5   Thumb Code   408  rtc.o(i.Get_RTC_Time)
    Get_Sr04_Value                           0x08001375   Thumb Code   162  sr04.o(i.Get_Sr04_Value)
    I2C_Configuration                        0x08001421   Thumb Code   122  oled_i2c.o(i.I2C_Configuration)
    I2C_WriteByte                            0x080014b5   Thumb Code    92  oled_i2c.o(i.I2C_WriteByte)
    Key_Init                                 0x08001521   Thumb Code    78  key.o(i.Key_Init)
    LV90614_Init                             0x08001579   Thumb Code   166  lu90614.o(i.LV90614_Init)
    Led_Init                                 0x08001629   Thumb Code   132  led.o(i.Led_Init)
    NVIC_Init                                0x080016b5   Thumb Code   106  misc.o(i.NVIC_Init)
    NVIC_PriorityGroupConfig                 0x0800172d   Thumb Code    10  misc.o(i.NVIC_PriorityGroupConfig)
    OLED_CLS                                 0x08001741   Thumb Code    10  oled_i2c.o(i.OLED_CLS)
    OLED_Fill                                0x0800174b   Thumb Code    58  oled_i2c.o(i.OLED_Fill)
    OLED_Iic_Recv_Ack                        0x08001785   Thumb Code    62  oled_i2c.o(i.OLED_Iic_Recv_Ack)
    OLED_Iic_Sda_Mode                        0x080017cd   Thumb Code    40  oled_i2c.o(i.OLED_Iic_Sda_Mode)
    OLED_Iic_Send_Byte                       0x080017f9   Thumb Code    86  oled_i2c.o(i.OLED_Iic_Send_Byte)
    OLED_Iic_Start                           0x08001859   Thumb Code    50  oled_i2c.o(i.OLED_Iic_Start)
    OLED_Iic_Stop                            0x08001895   Thumb Code    48  oled_i2c.o(i.OLED_Iic_Stop)
    OLED_Init                                0x080018cd   Thumb Code   178  oled_i2c.o(i.OLED_Init)
    OLED_SetPos                              0x0800197f   Thumb Code    40  oled_i2c.o(i.OLED_SetPos)
    OLED_ShowCN                              0x080019a9   Thumb Code    80  oled_i2c.o(i.OLED_ShowCN)
    OLED_ShowStr                             0x080019fd   Thumb Code   372  oled_i2c.o(i.OLED_ShowStr)
    PWR_BackupAccessCmd                      0x08001b79   Thumb Code     6  stm32f4xx_pwr.o(i.PWR_BackupAccessCmd)
    RCC_AHB1PeriphClockCmd                   0x08001b85   Thumb Code    26  stm32f4xx_rcc.o(i.RCC_AHB1PeriphClockCmd)
    RCC_APB1PeriphClockCmd                   0x08001ba5   Thumb Code    26  stm32f4xx_rcc.o(i.RCC_APB1PeriphClockCmd)
    RCC_APB2PeriphClockCmd                   0x08001bc5   Thumb Code    26  stm32f4xx_rcc.o(i.RCC_APB2PeriphClockCmd)
    RCC_GetClocksFreq                        0x08001be5   Thumb Code   214  stm32f4xx_rcc.o(i.RCC_GetClocksFreq)
    RCC_LSEConfig                            0x08001ccd   Thumb Code    40  stm32f4xx_rcc.o(i.RCC_LSEConfig)
    RCC_RTCCLKCmd                            0x08001cf9   Thumb Code     6  stm32f4xx_rcc.o(i.RCC_RTCCLKCmd)
    RCC_RTCCLKConfig                         0x08001d05   Thumb Code    50  stm32f4xx_rcc.o(i.RCC_RTCCLKConfig)
    RTC_EnterInitMode                        0x08001d75   Thumb Code    76  stm32f4xx_rtc.o(i.RTC_EnterInitMode)
    RTC_ExitInitMode                         0x08001dc5   Thumb Code    14  stm32f4xx_rtc.o(i.RTC_ExitInitMode)
    RTC_GetDate                              0x08001dd9   Thumb Code    68  stm32f4xx_rtc.o(i.RTC_GetDate)
    RTC_GetTime                              0x08001e25   Thumb Code    72  stm32f4xx_rtc.o(i.RTC_GetTime)
    RTC_Init                                 0x08001e75   Thumb Code    94  stm32f4xx_rtc.o(i.RTC_Init)
    RTC_SetDate                              0x08001ed9   Thumb Code   190  stm32f4xx_rtc.o(i.RTC_SetDate)
    RTC_SetTime                              0x08001fa1   Thumb Code   198  stm32f4xx_rtc.o(i.RTC_SetTime)
    RTC_WaitForSynchro                       0x08002071   Thumb Code    92  stm32f4xx_rtc.o(i.RTC_WaitForSynchro)
    RTC_WriteBackupRegister                  0x080020d1   Thumb Code    24  stm32f4xx_rtc.o(i.RTC_WriteBackupRegister)
    Rtc_Init                                 0x080020ed   Thumb Code   196  rtc.o(i.Rtc_Init)
    Rtc_Setting_Show                         0x080021c9   Thumb Code  1734  rtc.o(i.Rtc_Setting_Show)
    Rtc_Time_Down                            0x080028ad   Thumb Code   190  rtc.o(i.Rtc_Time_Down)
    Rtc_Time_Up                              0x08002989   Thumb Code   216  rtc.o(i.Rtc_Time_Up)
    SYSCFG_EXTILineConfig                    0x08002a7d   Thumb Code    60  stm32f4xx_syscfg.o(i.SYSCFG_EXTILineConfig)
    Show_History                             0x08002ba9   Thumb Code   320  main.o(i.Show_History)
    Sleep_mode                               0x08002d35   Thumb Code    10  rtc.o(i.Sleep_mode)
    Sr04_Init                                0x08002d41   Thumb Code   130  sr04.o(i.Sr04_Init)
    SysTick_CLKSourceConfig                  0x08002dcd   Thumb Code    40  misc.o(i.SysTick_CLKSourceConfig)
    SysTick_Handler                          0x08002df5   Thumb Code    46  port.o(i.SysTick_Handler)
    SystemInit                               0x08002e29   Thumb Code    88  system_stm32f4xx.o(i.SystemInit)
    TIM2_IRQHandler                          0x08002e91   Thumb Code    32  tim2.o(i.TIM2_IRQHandler)
    TIM6_DAC_IRQHandler                      0x08002eb5   Thumb Code    32  tim6.o(i.TIM6_DAC_IRQHandler)
    TIM_ClearITPendingBit                    0x08002edd   Thumb Code     6  stm32f4xx_tim.o(i.TIM_ClearITPendingBit)
    TIM_Cmd                                  0x08002ee3   Thumb Code    24  stm32f4xx_tim.o(i.TIM_Cmd)
    TIM_GetITStatus                          0x08002efb   Thumb Code    34  stm32f4xx_tim.o(i.TIM_GetITStatus)
    TIM_TimeBaseInit                         0x08002f1d   Thumb Code   104  stm32f4xx_tim.o(i.TIM_TimeBaseInit)
    Time_Select                              0x08002fa1   Thumb Code    40  rtc.o(i.Time_Select)
    Time_Set_In                              0x08002fe5   Thumb Code    88  rtc.o(i.Time_Set_In)
    USART3_IRQHandler                        0x08003055   Thumb Code   100  lu90614.o(i.USART3_IRQHandler)
    USART3_SendData                          0x080030cd   Thumb Code    28  lu90614.o(i.USART3_SendData)
    USART_Cmd                                0x080030ed   Thumb Code    24  stm32f4xx_usart.o(i.USART_Cmd)
    USART_GetFlagStatus                      0x08003105   Thumb Code    26  stm32f4xx_usart.o(i.USART_GetFlagStatus)
    USART_GetITStatus                        0x0800311f   Thumb Code    84  stm32f4xx_usart.o(i.USART_GetITStatus)
    USART_ITConfig                           0x08003173   Thumb Code    74  stm32f4xx_usart.o(i.USART_ITConfig)
    USART_Init                               0x080031bd   Thumb Code   204  stm32f4xx_usart.o(i.USART_Init)
    USART_ReceiveData                        0x08003291   Thumb Code    10  stm32f4xx_usart.o(i.USART_ReceiveData)
    USART_SendData                           0x0800329b   Thumb Code     8  stm32f4xx_usart.o(i.USART_SendData)
    Usart1_Init                              0x080032a5   Thumb Code   172  usart.o(i.Usart1_Init)
    WriteCmd                                 0x08003359   Thumb Code    14  oled_i2c.o(i.WriteCmd)
    WriteDat                                 0x08003367   Thumb Code    14  oled_i2c.o(i.WriteDat)
    __0printf                                0x08003375   Thumb Code    22  printfa.o(i.__0printf)
    __1printf                                0x08003375   Thumb Code     0  printfa.o(i.__0printf)
    __2printf                                0x08003375   Thumb Code     0  printfa.o(i.__0printf)
    __c89printf                              0x08003375   Thumb Code     0  printfa.o(i.__0printf)
    printf                                   0x08003375   Thumb Code     0  printfa.o(i.__0printf)
    __0sprintf                               0x08003395   Thumb Code    34  printfa.o(i.__0sprintf)
    __1sprintf                               0x08003395   Thumb Code     0  printfa.o(i.__0sprintf)
    __2sprintf                               0x08003395   Thumb Code     0  printfa.o(i.__0sprintf)
    __c89sprintf                             0x08003395   Thumb Code     0  printfa.o(i.__0sprintf)
    sprintf                                  0x08003395   Thumb Code     0  printfa.o(i.__0sprintf)
    __scatterload_copy                       0x080033bd   Thumb Code    14  handlers.o(i.__scatterload_copy)
    __scatterload_null                       0x080033cb   Thumb Code     2  handlers.o(i.__scatterload_null)
    __scatterload_zeroinit                   0x080033cd   Thumb Code    14  handlers.o(i.__scatterload_zeroinit)
    delay_ms                                 0x08003c79   Thumb Code    80  delay.o(i.delay_ms)
    delay_s                                  0x08003ccd   Thumb Code    32  delay.o(i.delay_s)
    delay_us                                 0x08003ced   Thumb Code    76  delay.o(i.delay_us)
    fputc                                    0x08003d3d   Thumb Code    32  usart.o(i.fputc)
    main                                     0x08003d61   Thumb Code   286  main.o(i.main)
    menu1                                    0x08003eb5   Thumb Code   352  main.o(i.menu1)
    uxListRemove                             0x0800407d   Thumb Code    40  list.o(i.uxListRemove)
    vListInsertEnd                           0x080040a5   Thumb Code    24  list.o(i.vListInsertEnd)
    vTaskSwitchContext                       0x080040bd   Thumb Code   118  tasks.o(i.vTaskSwitchContext)
    xTaskIncrementTick                       0x08004149   Thumb Code   282  tasks.o(i.xTaskIncrementTick)
    F6x8                                     0x0800429e   Data         552  oled_i2c.o(.constdata)
    F8X16                                    0x080044c6   Data        1680  oled_i2c.o(.constdata)
    Region$$Table$$Base                      0x08004b58   Number         0  anon$$obj.o(Region$$Table)
    Region$$Table$$Limit                     0x08004b78   Number         0  anon$$obj.o(Region$$Table)
    r_count                                  0x20000000   Data           4  main.o(.data)
    r_flag                                   0x20000004   Data           1  main.o(.data)
    tem_flag                                 0x20000005   Data           1  main.o(.data)
    setting_flag                             0x20000006   Data           1  main.o(.data)
    hum_flag                                 0x20000008   Data           4  main.o(.data)
    History_Flag                             0x2000000c   Data           4  main.o(.data)
    History_Page                             0x20000010   Data           4  main.o(.data)
    speed                                    0x20000014   Data           4  exti.o(.data)
    direct                                   0x20000018   Data           1  exti.o(.data)
    menu_flag                                0x2000001c   Data           4  exti.o(.data)
    my_us                                    0x20000020   Data           4  delay.o(.data)
    my_ms                                    0x20000024   Data           4  delay.o(.data)
    __stdout                                 0x20000028   Data           4  usart.o(.data)
    mintues_temp                             0x2000002c   Data           4  rtc.o(.data)
    ret                                      0x20000030   Data           4  rtc.o(.data)
    time_flag                                0x20000034   Data           1  rtc.o(.data)
    time_setting_flag                        0x20000038   Data           4  rtc.o(.data)
    year_temp                                0x2000003c   Data           4  rtc.o(.data)
    month_temp                               0x20000040   Data           4  rtc.o(.data)
    day_temp                                 0x20000044   Data           4  rtc.o(.data)
    hour_temp                                0x20000048   Data           4  rtc.o(.data)
    minutes_temp                             0x2000004c   Data           4  rtc.o(.data)
    seconds_temp                             0x20000050   Data           4  rtc.o(.data)
    F16x16                                   0x20000054   Data         704  oled_i2c.o(.data)
    BMP1                                     0x20000314   Data        1024  oled_i2c.o(.data)
    BMP2                                     0x20000714   Data          32  oled_i2c.o(.data)
    USART_RX_STA                             0x20000734   Data           2  lu90614.o(.data)
    USART_RX_LEN                             0x20000736   Data           2  lu90614.o(.data)
    USART_STA                                0x20000738   Data           2  lu90614.o(.data)
    pxCurrentTCB                             0x2000073c   Data           4  tasks.o(.data)
    rbuffer                                  0x20000788   Data         100  main.o(.bss)
    Tem_History                              0x200007ec   Data         128  main.o(.bss)
    USART_RX_BUF                             0x2000086c   Data         200  lu90614.o(.bss)
    __initial_sp                             0x20000e00   Data           0  startup_stm32f40_41xxx.o(STACK)



==============================================================================

Memory Map of the image

  Image Entry point : 0x08000189

  Load Region LR_IROM1 (Base: 0x08000000, Size: 0x00005300, Max: 0x00080000, ABSOLUTE, COMPRESSED[0x00004f1c])

    Execution Region ER_IROM1 (Base: 0x08000000, Size: 0x00004b78, Max: 0x00080000, ABSOLUTE)

    Base Addr    Size         Type   Attr      Idx    E Section Name        Object

    0x08000000   0x00000188   Data   RO         4520    RESET               startup_stm32f40_41xxx.o
    0x08000188   0x00000000   Code   RO         4563  * .ARM.Collect$$$$00000000  mc_w.l(entry.o)
    0x08000188   0x00000004   Code   RO         4835    .ARM.Collect$$$$00000001  mc_w.l(entry2.o)
    0x0800018c   0x00000004   Code   RO         4838    .ARM.Collect$$$$00000004  mc_w.l(entry5.o)
    0x08000190   0x00000000   Code   RO         4840    .ARM.Collect$$$$00000008  mc_w.l(entry7b.o)
    0x08000190   0x00000000   Code   RO         4842    .ARM.Collect$$$$0000000A  mc_w.l(entry8b.o)
    0x08000190   0x00000008   Code   RO         4843    .ARM.Collect$$$$0000000B  mc_w.l(entry9a.o)
    0x08000198   0x00000000   Code   RO         4845    .ARM.Collect$$$$0000000D  mc_w.l(entry10a.o)
    0x08000198   0x00000000   Code   RO         4847    .ARM.Collect$$$$0000000F  mc_w.l(entry11a.o)
    0x08000198   0x00000004   Code   RO         4836    .ARM.Collect$$$$00002712  mc_w.l(entry2.o)
    0x0800019c   0x000000b6   Code   RO         1996    .emb_text           port.o
    0x08000252   0x00000002   PAD
    0x08000254   0x00000024   Code   RO         4521    .text               startup_stm32f40_41xxx.o
    0x08000278   0x00000026   Code   RO         4833    .text               mf_w.l(f2d.o)
    0x0800029e   0x0000002c   Code   RO         4849    .text               mc_w.l(uidiv.o)
    0x080002ca   0x00000062   Code   RO         4851    .text               mc_w.l(uldiv.o)
    0x0800032c   0x00000000   Code   RO         4853    .text               mc_w.l(iusefp.o)
    0x0800032c   0x0000014e   Code   RO         4854    .text               mf_w.l(dadd.o)
    0x0800047a   0x000000e4   Code   RO         4856    .text               mf_w.l(dmul.o)
    0x0800055e   0x000000de   Code   RO         4858    .text               mf_w.l(ddiv.o)
    0x0800063c   0x00000030   Code   RO         4860    .text               mf_w.l(dfixul.o)
    0x0800066c   0x00000030   Code   RO         4862    .text               mf_w.l(cdrcmple.o)
    0x0800069c   0x00000024   Code   RO         4864    .text               mc_w.l(init.o)
    0x080006c0   0x0000001e   Code   RO         4866    .text               mc_w.l(llshl.o)
    0x080006de   0x00000020   Code   RO         4868    .text               mc_w.l(llushr.o)
    0x080006fe   0x00000024   Code   RO         4870    .text               mc_w.l(llsshr.o)
    0x08000722   0x000000ba   Code   RO         4872    .text               mf_w.l(depilogue.o)
    0x080007dc   0x00000056   Code   RO         4882    .text               mc_w.l(__dczerorl2.o)
    0x08000832   0x00000016   Code   RO         2179    i.ADC_Cmd           stm32f4xx_adc.o
    0x08000848   0x00000030   Code   RO         2180    i.ADC_CommonInit    stm32f4xx_adc.o
    0x08000878   0x00000008   Code   RO         2191    i.ADC_GetConversionValue  stm32f4xx_adc.o
    0x08000880   0x00000012   Code   RO         2192    i.ADC_GetFlagStatus  stm32f4xx_adc.o
    0x08000892   0x00000002   PAD
    0x08000894   0x00000054   Code   RO         2199    i.ADC_Init          stm32f4xx_adc.o
    0x080008e8   0x000000b8   Code   RO         2204    i.ADC_RegularChannelConfig  stm32f4xx_adc.o
    0x080009a0   0x0000000a   Code   RO         2206    i.ADC_SoftwareStartConv  stm32f4xx_adc.o
    0x080009aa   0x00000002   PAD
    0x080009ac   0x00000088   Code   RO          845    i.Adc3_Light_Init   adc_light.o
    0x08000a34   0x00000040   Code   RO          252    i.Beep_Init         beep.o
    0x08000a74   0x0000000c   Code   RO          435    i.Delay_Init        delay.o
    0x08000a80   0x00000032   Code   RO          669    i.Dht11_Data        dht11.o
    0x08000ab2   0x00000002   PAD
    0x08000ab4   0x00000034   Code   RO          670    i.Dht11_Init        dht11.o
    0x08000ae8   0x0000002c   Code   RO          671    i.Dht11_Pin_Mode    dht11.o
    0x08000b14   0x00000098   Code   RO          672    i.Dht11_Read_Byte   dht11.o
    0x08000bac   0x000000ac   Code   RO          673    i.Dht11_Start       dht11.o
    0x08000c58   0x00000074   Code   RO          300    i.EXTI0_IRQHandler  exti.o
    0x08000ccc   0x00000020   Code   RO          301    i.EXTI1_IRQHandler  exti.o
    0x08000cec   0x00000098   Code   RO          302    i.EXTI2_IRQHandler  exti.o
    0x08000d84   0x00000068   Code   RO          303    i.EXTI3_IRQHandler  exti.o
    0x08000dec   0x00000054   Code   RO          304    i.EXTI4_IRQHandler  exti.o
    0x08000e40   0x0000000c   Code   RO         2420    i.EXTI_ClearITPendingBit  stm32f4xx_exti.o
    0x08000e4c   0x00000018   Code   RO         2424    i.EXTI_GetITStatus  stm32f4xx_exti.o
    0x08000e64   0x00000094   Code   RO         2425    i.EXTI_Init         stm32f4xx_exti.o
    0x08000ef8   0x00000070   Code   RO          305    i.Exti_PA0_Init     exti.o
    0x08000f68   0x0000012c   Code   RO          306    i.Exti_PE234_Init   exti.o
    0x08001094   0x00000090   Code   RO         2744    i.GPIO_Init         stm32f4xx_gpio.o
    0x08001124   0x00000046   Code   RO         2745    i.GPIO_PinAFConfig  stm32f4xx_gpio.o
    0x0800116a   0x00000012   Code   RO         2748    i.GPIO_ReadInputDataBit  stm32f4xx_gpio.o
    0x0800117c   0x00000004   Code   RO         2751    i.GPIO_ResetBits    stm32f4xx_gpio.o
    0x08001180   0x00000004   Code   RO         2752    i.GPIO_SetBits      stm32f4xx_gpio.o
    0x08001184   0x00000008   Code   RO         2754    i.GPIO_ToggleBits   stm32f4xx_gpio.o
    0x0800118c   0x00000028   Code   RO          846    i.Get_Adc_Light_Value  adc_light.o
    0x080011b4   0x000001c0   Code   RO          741    i.Get_RTC_Time      rtc.o
    0x08001374   0x000000ac   Code   RO          639    i.Get_Sr04_Value    sr04.o
    0x08001420   0x00000094   Code   RO          994    i.I2C_Configuration  oled_i2c.o
    0x080014b4   0x0000006c   Code   RO          995    i.I2C_WriteByte     oled_i2c.o
    0x08001520   0x00000058   Code   RO          276    i.Key_Init          key.o
    0x08001578   0x000000b0   Code   RO         1143    i.LV90614_Init      lu90614.o
    0x08001628   0x0000008c   Code   RO          224    i.Led_Init          led.o
    0x080016b4   0x00000078   Code   RO         2125    i.NVIC_Init         misc.o
    0x0800172c   0x00000014   Code   RO         2126    i.NVIC_PriorityGroupConfig  misc.o
    0x08001740   0x0000000a   Code   RO          996    i.OLED_CLS          oled_i2c.o
    0x0800174a   0x0000003a   Code   RO          998    i.OLED_Fill         oled_i2c.o
    0x08001784   0x00000048   Code   RO         1000    i.OLED_Iic_Recv_Ack  oled_i2c.o
    0x080017cc   0x0000002c   Code   RO         1002    i.OLED_Iic_Sda_Mode  oled_i2c.o
    0x080017f8   0x00000060   Code   RO         1004    i.OLED_Iic_Send_Byte  oled_i2c.o
    0x08001858   0x0000003c   Code   RO         1005    i.OLED_Iic_Start    oled_i2c.o
    0x08001894   0x00000038   Code   RO         1006    i.OLED_Iic_Stop     oled_i2c.o
    0x080018cc   0x000000b2   Code   RO         1007    i.OLED_Init         oled_i2c.o
    0x0800197e   0x00000028   Code   RO         1010    i.OLED_SetPos       oled_i2c.o
    0x080019a6   0x00000002   PAD
    0x080019a8   0x00000054   Code   RO         1011    i.OLED_ShowCN       oled_i2c.o
    0x080019fc   0x0000017c   Code   RO         1012    i.OLED_ShowStr      oled_i2c.o
    0x08001b78   0x0000000c   Code   RO         2899    i.PWR_BackupAccessCmd  stm32f4xx_pwr.o
    0x08001b84   0x00000020   Code   RO         3013    i.RCC_AHB1PeriphClockCmd  stm32f4xx_rcc.o
    0x08001ba4   0x00000020   Code   RO         3022    i.RCC_APB1PeriphClockCmd  stm32f4xx_rcc.o
    0x08001bc4   0x00000020   Code   RO         3025    i.RCC_APB2PeriphClockCmd  stm32f4xx_rcc.o
    0x08001be4   0x000000e8   Code   RO         3034    i.RCC_GetClocksFreq  stm32f4xx_rcc.o
    0x08001ccc   0x0000002c   Code   RO         3043    i.RCC_LSEConfig     stm32f4xx_rcc.o
    0x08001cf8   0x0000000c   Code   RO         3056    i.RCC_RTCCLKCmd     stm32f4xx_rcc.o
    0x08001d04   0x0000003c   Code   RO         3057    i.RCC_RTCCLKConfig  stm32f4xx_rcc.o
    0x08001d40   0x00000016   Code   RO         3348    i.RTC_Bcd2ToByte    stm32f4xx_rtc.o
    0x08001d56   0x0000001c   Code   RO         3350    i.RTC_ByteToBcd2    stm32f4xx_rtc.o
    0x08001d72   0x00000002   PAD
    0x08001d74   0x00000050   Code   RO         3360    i.RTC_EnterInitMode  stm32f4xx_rtc.o
    0x08001dc4   0x00000014   Code   RO         3361    i.RTC_ExitInitMode  stm32f4xx_rtc.o
    0x08001dd8   0x0000004c   Code   RO         3364    i.RTC_GetDate       stm32f4xx_rtc.o
    0x08001e24   0x00000050   Code   RO         3369    i.RTC_GetTime       stm32f4xx_rtc.o
    0x08001e74   0x00000064   Code   RO         3374    i.RTC_Init          stm32f4xx_rtc.o
    0x08001ed8   0x000000c8   Code   RO         3380    i.RTC_SetDate       stm32f4xx_rtc.o
    0x08001fa0   0x000000d0   Code   RO         3381    i.RTC_SetTime       stm32f4xx_rtc.o
    0x08002070   0x00000060   Code   RO         3397    i.RTC_WaitForSynchro  stm32f4xx_rtc.o
    0x080020d0   0x0000001c   Code   RO         3400    i.RTC_WriteBackupRegister  stm32f4xx_rtc.o
    0x080020ec   0x000000dc   Code   RO          742    i.Rtc_Init          rtc.o
    0x080021c8   0x000006e4   Code   RO          743    i.Rtc_Setting_Show  rtc.o
    0x080028ac   0x000000dc   Code   RO          744    i.Rtc_Time_Down     rtc.o
    0x08002988   0x000000f4   Code   RO          745    i.Rtc_Time_Up       rtc.o
    0x08002a7c   0x00000040   Code   RO         3706    i.SYSCFG_EXTILineConfig  stm32f4xx_syscfg.o
    0x08002abc   0x000000ec   Code   RO         4528    i.SetSysClock       system_stm32f4xx.o
    0x08002ba8   0x0000018c   Code   RO            4    i.Show_History      main.o
    0x08002d34   0x0000000a   Code   RO          746    i.Sleep_mode        rtc.o
    0x08002d3e   0x00000002   PAD
    0x08002d40   0x0000008c   Code   RO          640    i.Sr04_Init         sr04.o
    0x08002dcc   0x00000028   Code   RO         2129    i.SysTick_CLKSourceConfig  misc.o
    0x08002df4   0x00000034   Code   RO         1997    i.SysTick_Handler   port.o
    0x08002e28   0x00000068   Code   RO         4530    i.SystemInit        system_stm32f4xx.o
    0x08002e90   0x00000024   Code   RO          405    i.TIM2_IRQHandler   tim2.o
    0x08002eb4   0x00000028   Code   RO          375    i.TIM6_DAC_IRQHandler  tim6.o
    0x08002edc   0x00000006   Code   RO         3774    i.TIM_ClearITPendingBit  stm32f4xx_tim.o
    0x08002ee2   0x00000018   Code   RO         3779    i.TIM_Cmd           stm32f4xx_tim.o
    0x08002efa   0x00000022   Code   RO         3800    i.TIM_GetITStatus   stm32f4xx_tim.o
    0x08002f1c   0x00000084   Code   RO         3851    i.TIM_TimeBaseInit  stm32f4xx_tim.o
    0x08002fa0   0x00000044   Code   RO          747    i.Time_Select       rtc.o
    0x08002fe4   0x00000070   Code   RO          748    i.Time_Set_In       rtc.o
    0x08003054   0x00000078   Code   RO         1144    i.USART3_IRQHandler  lu90614.o
    0x080030cc   0x00000020   Code   RO         1145    i.USART3_SendData   lu90614.o
    0x080030ec   0x00000018   Code   RO         4333    i.USART_Cmd         stm32f4xx_usart.o
    0x08003104   0x0000001a   Code   RO         4336    i.USART_GetFlagStatus  stm32f4xx_usart.o
    0x0800311e   0x00000054   Code   RO         4337    i.USART_GetITStatus  stm32f4xx_usart.o
    0x08003172   0x0000004a   Code   RO         4339    i.USART_ITConfig    stm32f4xx_usart.o
    0x080031bc   0x000000d4   Code   RO         4340    i.USART_Init        stm32f4xx_usart.o
    0x08003290   0x0000000a   Code   RO         4347    i.USART_ReceiveData  stm32f4xx_usart.o
    0x0800329a   0x00000008   Code   RO         4350    i.USART_SendData    stm32f4xx_usart.o
    0x080032a2   0x00000002   PAD
    0x080032a4   0x000000b4   Code   RO          564    i.Usart1_Init       usart.o
    0x08003358   0x0000000e   Code   RO         1013    i.WriteCmd          oled_i2c.o
    0x08003366   0x0000000e   Code   RO         1014    i.WriteDat          oled_i2c.o
    0x08003374   0x00000020   Code   RO         4805    i.__0printf         mc_w.l(printfa.o)
    0x08003394   0x00000028   Code   RO         4807    i.__0sprintf        mc_w.l(printfa.o)
    0x080033bc   0x0000000e   Code   RO         4876    i.__scatterload_copy  mc_w.l(handlers.o)
    0x080033ca   0x00000002   Code   RO         4877    i.__scatterload_null  mc_w.l(handlers.o)
    0x080033cc   0x0000000e   Code   RO         4878    i.__scatterload_zeroinit  mc_w.l(handlers.o)
    0x080033da   0x00000002   PAD
    0x080033dc   0x00000164   Code   RO         4812    i._fp_digits        mc_w.l(printfa.o)
    0x08003540   0x000006dc   Code   RO         4813    i._printf_core      mc_w.l(printfa.o)
    0x08003c1c   0x00000024   Code   RO         4814    i._printf_post_padding  mc_w.l(printfa.o)
    0x08003c40   0x0000002e   Code   RO         4815    i._printf_pre_padding  mc_w.l(printfa.o)
    0x08003c6e   0x0000000a   Code   RO         4817    i._sputc            mc_w.l(printfa.o)
    0x08003c78   0x00000054   Code   RO          436    i.delay_ms          delay.o
    0x08003ccc   0x00000020   Code   RO          437    i.delay_s           delay.o
    0x08003cec   0x00000050   Code   RO          438    i.delay_us          delay.o
    0x08003d3c   0x00000024   Code   RO          566    i.fputc             usart.o
    0x08003d60   0x00000154   Code   RO            5    i.main              main.o
    0x08003eb4   0x00000194   Code   RO            6    i.menu1             main.o
    0x08004048   0x00000034   Code   RO         1537    i.prvResetNextTaskUnblockTime  tasks.o
    0x0800407c   0x00000028   Code   RO         1291    i.uxListRemove      list.o
    0x080040a4   0x00000018   Code   RO         1295    i.vListInsertEnd    list.o
    0x080040bc   0x0000008c   Code   RO         1566    i.vTaskSwitchContext  tasks.o
    0x08004148   0x00000148   Code   RO         1575    i.xTaskIncrementTick  tasks.o
    0x08004290   0x0000000e   Data   RO          749    .constdata          rtc.o
    0x0800429e   0x000008b8   Data   RO         1015    .constdata          oled_i2c.o
    0x08004b56   0x00000002   PAD
    0x08004b58   0x00000020   Data   RO         4874    Region$$Table       anon$$obj.o


    Execution Region RW_IRAM2 (Base: 0x10000000, Size: 0x00000000, Max: 0x00010000, ABSOLUTE)

    **** No section assigned to this execution region ****


    Execution Region RW_IRAM1 (Base: 0x20000000, Size: 0x00000e00, Max: 0x00020000, ABSOLUTE, COMPRESSED[0x000003a4])

    Base Addr    Size         Type   Attr      Idx    E Section Name        Object

    0x20000000   0x00000014   Data   RW            8    .data               main.o
    0x20000014   0x0000000c   Data   RW          307    .data               exti.o
    0x20000020   0x00000008   Data   RW          439    .data               delay.o
    0x20000028   0x00000004   Data   RW          567    .data               usart.o
    0x2000002c   0x00000028   Data   RW          750    .data               rtc.o
    0x20000054   0x000006e0   Data   RW         1016    .data               oled_i2c.o
    0x20000734   0x00000006   Data   RW         1147    .data               lu90614.o
    0x2000073a   0x00000002   PAD
    0x2000073c   0x0000003c   Data   RW         1584    .data               tasks.o
    0x20000778   0x00000010   Data   RW         3065    .data               stm32f4xx_rcc.o
    0x20000788   0x000000e4   Zero   RW            7    .bss                main.o
    0x2000086c   0x000000c8   Zero   RW         1146    .bss                lu90614.o
    0x20000934   0x000000c8   Zero   RW         1583    .bss                tasks.o
    0x200009fc   0x00000004   PAD
    0x20000a00   0x00000400   Zero   RW         4518    STACK               startup_stm32f40_41xxx.o


==============================================================================

Image component sizes


      Code (inc. data)   RO Data    RW Data    ZI Data      Debug   Object Name

       176         16          0          0          0       1156   adc_light.o
        64          6          0          0          0        484   beep.o
       208          8          0          8          0       2219   delay.o
       470         16          0          0          0       3491   dht11.o
         0          0          0          0          0       7840   event_groups.o
       900        132          0         12          0       4074   exti.o
        88         10          0          0          0        499   key.o
       140          8          0          0          0        523   led.o
        64          0          0          0          0       1392   list.o
       328         34          0          6        200       2288   lu90614.o
      1140        182          0         20        228     341192   main.o
       180         24          0          0          0       2317   misc.o
      1362         96       2232       1760          0       9052   oled_i2c.o
       234         22          0          0          0       3878   port.o
      3086        274         14         40          0       5941   rtc.o
       312         20          0          0          0       1373   sr04.o
        36          8        392          0       1024        836   startup_stm32f40_41xxx.o
       374         24          0          0          0       5918   stm32f4xx_adc.o
       184         16          0          0          0       2320   stm32f4xx_exti.o
       248          0          0          0          0       4437   stm32f4xx_gpio.o
        12          6          0          0          0        578   stm32f4xx_pwr.o
       444         56          0         16          0       6686   stm32f4xx_rcc.o
       938         60          0          0          0       8533   stm32f4xx_rtc.o
        64          4          0          0          0        700   stm32f4xx_syscfg.o
       196         28          0          0          0       3347   stm32f4xx_tim.o
       438          8          0          0          0       5837   stm32f4xx_usart.o
       340         32          0          0          0       1569   system_stm32f4xx.o
       520         78          0         60        200       5953   tasks.o
        36          4          0          0          0        458   tim2.o
        40          8          0          0          0        466   tim6.o
       216         12          0          4          0       2868   usart.o

    ----------------------------------------------------------------------
     12854       1192       2672       1928       1656     438225   Object Totals
         0          0         32          0          0          0   (incl. Generated)
        16          0          2          2          4          0   (incl. Padding)

    ----------------------------------------------------------------------

      Code (inc. data)   RO Data    RW Data    ZI Data      Debug   Library Member Name

        86          0          0          0          0          0   __dczerorl2.o
         0          0          0          0          0          0   entry.o
         0          0          0          0          0          0   entry10a.o
         0          0          0          0          0          0   entry11a.o
         8          4          0          0          0          0   entry2.o
         4          0          0          0          0          0   entry5.o
         0          0          0          0          0          0   entry7b.o
         0          0          0          0          0          0   entry8b.o
         8          4          0          0          0          0   entry9a.o
        30          0          0          0          0          0   handlers.o
        36          8          0          0          0         68   init.o
         0          0          0          0          0          0   iusefp.o
        30          0          0          0          0         68   llshl.o
        36          0          0          0          0         68   llsshr.o
        32          0          0          0          0         68   llushr.o
      2276         96          0          0          0        596   printfa.o
        44          0          0          0          0         80   uidiv.o
        98          0          0          0          0         92   uldiv.o
        48          0          0          0          0         68   cdrcmple.o
       334          0          0          0          0        148   dadd.o
       222          0          0          0          0        100   ddiv.o
       186          0          0          0          0        176   depilogue.o
        48          0          0          0          0         68   dfixul.o
       228          0          0          0          0         96   dmul.o
        38          0          0          0          0         68   f2d.o

    ----------------------------------------------------------------------
      3794        112          0          0          0       1764   Library Totals
         2          0          0          0          0          0   (incl. Padding)

    ----------------------------------------------------------------------

      Code (inc. data)   RO Data    RW Data    ZI Data      Debug   Library Name

      2688        112          0          0          0       1040   mc_w.l
      1104          0          0          0          0        724   mf_w.l

    ----------------------------------------------------------------------
      3794        112          0          0          0       1764   Library Totals

    ----------------------------------------------------------------------

==============================================================================


      Code (inc. data)   RO Data    RW Data    ZI Data      Debug   

     16648       1304       2672       1928       1656     428289   Grand Totals
     16648       1304       2672        932       1656     428289   ELF Image Totals (compressed)
     16648       1304       2672        932          0          0   ROM Totals

==============================================================================

    Total RO  Size (Code + RO Data)                19320 (  18.87kB)
    Total RW  Size (RW Data + ZI Data)              3584 (   3.50kB)
    Total ROM Size (Code + RO Data + RW Data)      20252 (  19.78kB)

==============================================================================

